Archive member included to satisfy reference by file (symbol)

/home/mango/Ac6/SystemWorkbench/plugins/fr.ac6.mcu.externaltools.arm-none.linux64_1.16.0.201807130628/tools/compiler/bin/../lib/gcc/arm-none-eabi/7.2.1/thumb/v7e-m/fpv4-sp/hard/libgcc.a(_aeabi_uldivmod.o)
                              Drivers/STM32F4xx_HAL_Driver/Src/stm32f4xx_hal_rcc.o (__aeabi_uldivmod)
/home/mango/Ac6/SystemWorkbench/plugins/fr.ac6.mcu.externaltools.arm-none.linux64_1.16.0.201807130628/tools/compiler/bin/../lib/gcc/arm-none-eabi/7.2.1/thumb/v7e-m/fpv4-sp/hard/libgcc.a(_udivmoddi4.o)
                              /home/mango/Ac6/SystemWorkbench/plugins/fr.ac6.mcu.externaltools.arm-none.linux64_1.16.0.201807130628/tools/compiler/bin/../lib/gcc/arm-none-eabi/7.2.1/thumb/v7e-m/fpv4-sp/hard/libgcc.a(_aeabi_uldivmod.o) (__udivmoddi4)
/home/mango/Ac6/SystemWorkbench/plugins/fr.ac6.mcu.externaltools.arm-none.linux64_1.16.0.201807130628/tools/compiler/bin/../lib/gcc/arm-none-eabi/7.2.1/thumb/v7e-m/fpv4-sp/hard/libgcc.a(_dvmd_tls.o)
                              /home/mango/Ac6/SystemWorkbench/plugins/fr.ac6.mcu.externaltools.arm-none.linux64_1.16.0.201807130628/tools/compiler/bin/../lib/gcc/arm-none-eabi/7.2.1/thumb/v7e-m/fpv4-sp/hard/libgcc.a(_aeabi_uldivmod.o) (__aeabi_ldiv0)
/home/mango/Ac6/SystemWorkbench/plugins/fr.ac6.mcu.externaltools.arm-none.linux64_1.16.0.201807130628/tools/compiler/bin/../lib/gcc/arm-none-eabi/7.2.1/../../../../arm-none-eabi/lib/thumb/v7e-m/fpv4-sp/hard/libc_nano.a(lib_a-exit.o)
                              /home/mango/Ac6/SystemWorkbench/plugins/fr.ac6.mcu.externaltools.arm-none.linux64_1.16.0.201807130628/tools/compiler/bin/../lib/gcc/arm-none-eabi/7.2.1/../../../../arm-none-eabi/lib/thumb/v7e-m/fpv4-sp/hard/crt0.o (exit)
/home/mango/Ac6/SystemWorkbench/plugins/fr.ac6.mcu.externaltools.arm-none.linux64_1.16.0.201807130628/tools/compiler/bin/../lib/gcc/arm-none-eabi/7.2.1/../../../../arm-none-eabi/lib/thumb/v7e-m/fpv4-sp/hard/libc_nano.a(lib_a-impure.o)
                              /home/mango/Ac6/SystemWorkbench/plugins/fr.ac6.mcu.externaltools.arm-none.linux64_1.16.0.201807130628/tools/compiler/bin/../lib/gcc/arm-none-eabi/7.2.1/../../../../arm-none-eabi/lib/thumb/v7e-m/fpv4-sp/hard/libc_nano.a(lib_a-exit.o) (_global_impure_ptr)
/home/mango/Ac6/SystemWorkbench/plugins/fr.ac6.mcu.externaltools.arm-none.linux64_1.16.0.201807130628/tools/compiler/bin/../lib/gcc/arm-none-eabi/7.2.1/../../../../arm-none-eabi/lib/thumb/v7e-m/fpv4-sp/hard/libc_nano.a(lib_a-init.o)
                              /home/mango/Ac6/SystemWorkbench/plugins/fr.ac6.mcu.externaltools.arm-none.linux64_1.16.0.201807130628/tools/compiler/bin/../lib/gcc/arm-none-eabi/7.2.1/../../../../arm-none-eabi/lib/thumb/v7e-m/fpv4-sp/hard/crt0.o (__libc_init_array)
/home/mango/Ac6/SystemWorkbench/plugins/fr.ac6.mcu.externaltools.arm-none.linux64_1.16.0.201807130628/tools/compiler/bin/../lib/gcc/arm-none-eabi/7.2.1/../../../../arm-none-eabi/lib/thumb/v7e-m/fpv4-sp/hard/libc_nano.a(lib_a-malloc.o)
                              Middlewares/ST/STM32_USB_Host_Library/Class/CDC/Src/usbh_cdc.o (malloc)
/home/mango/Ac6/SystemWorkbench/plugins/fr.ac6.mcu.externaltools.arm-none.linux64_1.16.0.201807130628/tools/compiler/bin/../lib/gcc/arm-none-eabi/7.2.1/../../../../arm-none-eabi/lib/thumb/v7e-m/fpv4-sp/hard/libc_nano.a(lib_a-memcpy-stub.o)
                              Middlewares/Third_Party/FreeRTOS/Source/queue.o (memcpy)
/home/mango/Ac6/SystemWorkbench/plugins/fr.ac6.mcu.externaltools.arm-none.linux64_1.16.0.201807130628/tools/compiler/bin/../lib/gcc/arm-none-eabi/7.2.1/../../../../arm-none-eabi/lib/thumb/v7e-m/fpv4-sp/hard/libc_nano.a(lib_a-memset.o)
                              /home/mango/Ac6/SystemWorkbench/plugins/fr.ac6.mcu.externaltools.arm-none.linux64_1.16.0.201807130628/tools/compiler/bin/../lib/gcc/arm-none-eabi/7.2.1/../../../../arm-none-eabi/lib/thumb/v7e-m/fpv4-sp/hard/crt0.o (memset)
/home/mango/Ac6/SystemWorkbench/plugins/fr.ac6.mcu.externaltools.arm-none.linux64_1.16.0.201807130628/tools/compiler/bin/../lib/gcc/arm-none-eabi/7.2.1/../../../../arm-none-eabi/lib/thumb/v7e-m/fpv4-sp/hard/libc_nano.a(lib_a-nano-freer.o)
                              /home/mango/Ac6/SystemWorkbench/plugins/fr.ac6.mcu.externaltools.arm-none.linux64_1.16.0.201807130628/tools/compiler/bin/../lib/gcc/arm-none-eabi/7.2.1/../../../../arm-none-eabi/lib/thumb/v7e-m/fpv4-sp/hard/libc_nano.a(lib_a-malloc.o) (_free_r)
/home/mango/Ac6/SystemWorkbench/plugins/fr.ac6.mcu.externaltools.arm-none.linux64_1.16.0.201807130628/tools/compiler/bin/../lib/gcc/arm-none-eabi/7.2.1/../../../../arm-none-eabi/lib/thumb/v7e-m/fpv4-sp/hard/libc_nano.a(lib_a-nano-mallocr.o)
                              /home/mango/Ac6/SystemWorkbench/plugins/fr.ac6.mcu.externaltools.arm-none.linux64_1.16.0.201807130628/tools/compiler/bin/../lib/gcc/arm-none-eabi/7.2.1/../../../../arm-none-eabi/lib/thumb/v7e-m/fpv4-sp/hard/libc_nano.a(lib_a-malloc.o) (_malloc_r)
[...]
Memory Configuration

Name             Origin             Length             Attributes
RAM              0x0000000020000000 0x0000000000020000 xrw
CCMRAM           0x0000000010000000 0x0000000000010000 rw
FLASH            0x0000000008000000 0x0000000000100000 xr
*default*        0x0000000000000000 0xffffffffffffffff

Linker script and memory map

LOAD /home/mango/Ac6/SystemWorkbench/plugins/fr.ac6.mcu.externaltools.arm-none.linux64_1.16.0.201807130628/tools/compiler/bin/../lib/gcc/arm-none-eabi/7.2.1/thumb/v7e-m/fpv4-sp/hard/crti.o
LOAD /home/mango/Ac6/SystemWorkbench/plugins/fr.ac6.mcu.externaltools.arm-none.linux64_1.16.0.201807130628/tools/compiler/bin/../lib/gcc/arm-none-eabi/7.2.1/thumb/v7e-m/fpv4-sp/hard/crtbegin.o
LOAD /home/mango/Ac6/SystemWorkbench/plugins/fr.ac6.mcu.externaltools.arm-none.linux64_1.16.0.201807130628/tools/compiler/bin/../lib/gcc/arm-none-eabi/7.2.1/../../../../arm-none-eabi/lib/thumb/v7e-m/fpv4-sp/hard/crt0.o
LOAD Drivers/STM32F4xx_HAL_Driver/Src/stm32f4xx_hal.o
LOAD Drivers/STM32F4xx_HAL_Driver/Src/stm32f4xx_hal_cortex.o
LOAD Drivers/STM32F4xx_HAL_Driver/Src/stm32f4xx_hal_dma.o
LOAD Drivers/STM32F4xx_HAL_Driver/Src/stm32f4xx_hal_dma_ex.o
LOAD Drivers/STM32F4xx_HAL_Driver/Src/stm32f4xx_hal_flash.o
LOAD Drivers/STM32F4xx_HAL_Driver/Src/stm32f4xx_hal_flash_ex.o
LOAD Drivers/STM32F4xx_HAL_Driver/Src/stm32f4xx_hal_flash_ramfunc.o
LOAD Drivers/STM32F4xx_HAL_Driver/Src/stm32f4xx_hal_gpio.o
LOAD Drivers/STM32F4xx_HAL_Driver/Src/stm32f4xx_hal_hcd.o
LOAD Drivers/STM32F4xx_HAL_Driver/Src/stm32f4xx_hal_i2c.o
LOAD Drivers/STM32F4xx_HAL_Driver/Src/stm32f4xx_hal_i2c_ex.o
LOAD Drivers/STM32F4xx_HAL_Driver/Src/stm32f4xx_hal_i2s.o
LOAD Drivers/STM32F4xx_HAL_Driver/Src/stm32f4xx_hal_i2s_ex.o
LOAD Drivers/STM32F4xx_HAL_Driver/Src/stm32f4xx_hal_pwr.o
LOAD Drivers/STM32F4xx_HAL_Driver/Src/stm32f4xx_hal_pwr_ex.o
LOAD Drivers/STM32F4xx_HAL_Driver/Src/stm32f4xx_hal_rcc.o
LOAD Drivers/STM32F4xx_HAL_Driver/Src/stm32f4xx_hal_rcc_ex.o
LOAD Drivers/STM32F4xx_HAL_Driver/Src/stm32f4xx_hal_spi.o
LOAD Drivers/STM32F4xx_HAL_Driver/Src/stm32f4xx_hal_tim.o
LOAD Drivers/STM32F4xx_HAL_Driver/Src/stm32f4xx_hal_tim_ex.o
LOAD Drivers/STM32F4xx_HAL_Driver/Src/stm32f4xx_hal_uart.o
LOAD Drivers/STM32F4xx_HAL_Driver/Src/stm32f4xx_ll_usb.o
LOAD Middlewares/ST/STM32_USB_Host_Library/Class/CDC/Src/usbh_cdc.o
LOAD Middlewares/ST/STM32_USB_Host_Library/Core/Src/usbh_core.o
LOAD Middlewares/ST/STM32_USB_Host_Library/Core/Src/usbh_ctlreq.o
LOAD Middlewares/ST/STM32_USB_Host_Library/Core/Src/usbh_ioreq.o
LOAD Middlewares/ST/STM32_USB_Host_Library/Core/Src/usbh_pipes.o
LOAD Middlewares/Third_Party/FreeRTOS/Source/CMSIS_RTOS/cmsis_os.o
LOAD Middlewares/Third_Party/FreeRTOS/Source/croutine.o
LOAD Middlewares/Third_Party/FreeRTOS/Source/event_groups.o
LOAD Middlewares/Third_Party/FreeRTOS/Source/list.o
LOAD Middlewares/Third_Party/FreeRTOS/Source/queue.o
LOAD Middlewares/Third_Party/FreeRTOS/Source/tasks.o
LOAD Middlewares/Third_Party/FreeRTOS/Source/timers.o
LOAD Middlewares/Third_Party/FreeRTOS/Source/portable/GCC/ARM_CM4F/port.o
LOAD Middlewares/Third_Party/FreeRTOS/Source/portable/MemMang/heap_4.o
LOAD Src/freertos.o
LOAD Src/main.o
LOAD Src/stm32f4xx_hal_msp.o
LOAD Src/stm32f4xx_it.o
LOAD Src/system_stm32f4xx.o
LOAD Src/usb_host.o
LOAD Src/usbh_conf.o
LOAD Src/usbh_platform.o
LOAD startup/startup_stm32f407xx.o
LOAD /home/mango/Ac6/SystemWorkbench/plugins/fr.ac6.mcu.externaltools.arm-none.linux64_1.16.0.201807130628/tools/compiler/bin/../lib/gcc/arm-none-eabi/7.2.1/../../../../arm-none-eabi/lib/thumb/v7e-m/fpv4-sp/hard/libm.a
START GROUP
LOAD /home/mango/Ac6/SystemWorkbench/plugins/fr.ac6.mcu.externaltools.arm-none.linux64_1.16.0.201807130628/tools/compiler/bin/../lib/gcc/arm-none-eabi/7.2.1/thumb/v7e-m/fpv4-sp/hard/libgcc.a
LOAD /home/mango/Ac6/SystemWorkbench/plugins/fr.ac6.mcu.externaltools.arm-none.linux64_1.16.0.201807130628/tools/compiler/bin/../lib/gcc/arm-none-eabi/7.2.1/../../../../arm-none-eabi/lib/thumb/v7e-m/fpv4-sp/hard/libc_nano.a
END GROUP
START GROUP
LOAD /home/mango/Ac6/SystemWorkbench/plugins/fr.ac6.mcu.externaltools.arm-none.linux64_1.16.0.201807130628/tools/compiler/bin/../lib/gcc/arm-none-eabi/7.2.1/thumb/v7e-m/fpv4-sp/hard/libgcc.a
LOAD /home/mango/Ac6/SystemWorkbench/plugins/fr.ac6.mcu.externaltools.arm-none.linux64_1.16.0.201807130628/tools/compiler/bin/../lib/gcc/arm-none-eabi/7.2.1/../../../../arm-none-eabi/lib/thumb/v7e-m/fpv4-sp/hard/libc_nano.a
LOAD /home/mango/Ac6/SystemWorkbench/plugins/fr.ac6.mcu.externaltools.arm-none.linux64_1.16.0.201807130628/tools/compiler/bin/../lib/gcc/arm-none-eabi/7.2.1/../../../../arm-none-eabi/lib/thumb/v7e-m/fpv4-sp/hard/libnosys.a
END GROUP
START GROUP
LOAD /home/mango/Ac6/SystemWorkbench/plugins/fr.ac6.mcu.externaltools.arm-none.linux64_1.16.0.201807130628/tools/compiler/bin/../lib/gcc/arm-none-eabi/7.2.1/thumb/v7e-m/fpv4-sp/hard/libgcc.a
LOAD /home/mango/Ac6/SystemWorkbench/plugins/fr.ac6.mcu.externaltools.arm-none.linux64_1.16.0.201807130628/tools/compiler/bin/../lib/gcc/arm-none-eabi/7.2.1/../../../../arm-none-eabi/lib/thumb/v7e-m/fpv4-sp/hard/libc_nano.a
LOAD /home/mango/Ac6/SystemWorkbench/plugins/fr.ac6.mcu.externaltools.arm-none.linux64_1.16.0.201807130628/tools/compiler/bin/../lib/gcc/arm-none-eabi/7.2.1/../../../../arm-none-eabi/lib/thumb/v7e-m/fpv4-sp/hard/libnosys.a
END GROUP
LOAD /home/mango/Ac6/SystemWorkbench/plugins/fr.ac6.mcu.externaltools.arm-none.linux64_1.16.0.201807130628/tools/compiler/bin/../lib/gcc/arm-none-eabi/7.2.1/thumb/v7e-m/fpv4-sp/hard/crtend.o
LOAD /home/mango/Ac6/SystemWorkbench/plugins/fr.ac6.mcu.externaltools.arm-none.linux64_1.16.0.201807130628/tools/compiler/bin/../lib/gcc/arm-none-eabi/7.2.1/thumb/v7e-m/fpv4-sp/hard/crtn.o
                0x0000000020020000                _estack = 0x20020000
                0x0000000000000200                _Min_Heap_Size = 0x200
                0x0000000000000400                _Min_Stack_Size = 0x400

.isr_vector     0x0000000008000000      0x188
                0x0000000008000000                . = ALIGN (0x4)
 *(.isr_vector)
 .isr_vector    0x0000000008000000      0x188 startup/startup_stm32f407xx.o
                0x0000000008000000                g_pfnVectors
                0x0000000008000188                . = ALIGN (0x4)

.text           0x0000000008000190     0x6964
                0x0000000008000190                . = ALIGN (0x4)
 *(.text)
 .text          0x0000000008000190       0x40 /home/mango/Ac6/SystemWorkbench/plugins/fr.ac6.mcu.externaltools.arm-none.linux64_1.16.0.201807130628/tools/compiler/bin/../lib/gcc/arm-none-eabi/7.2.1/thumb/v7e-m/fpv4-sp/hard/crtbegin.o
 .text          0x00000000080001d0       0x30 /home/mango/Ac6/SystemWorkbench/plugins/fr.ac6.mcu.externaltools.arm-none.linux64_1.16.0.201807130628/tools/compiler/bin/../lib/gcc/arm-none-eabi/7.2.1/thumb/v7e-m/fpv4-sp/hard/libgcc.a(_aeabi_uldivmod.o)
                0x00000000080001d0                __aeabi_uldivmod
 .text          0x0000000008000200      0x2cc /home/mango/Ac6/SystemWorkbench/plugins/fr.ac6.mcu.externaltools.arm-none.linux64_1.16.0.201807130628/tools/compiler/bin/../lib/gcc/arm-none-eabi/7.2.1/thumb/v7e-m/fpv4-sp/hard/libgcc.a(_udivmoddi4.o)
                0x0000000008000200                __udivmoddi4
 .text          0x00000000080004cc        0x4 /home/mango/Ac6/SystemWorkbench/plugins/fr.ac6.mcu.externaltools.arm-none.linux64_1.16.0.201807130628/tools/compiler/bin/../lib/gcc/arm-none-eabi/7.2.1/thumb/v7e-m/fpv4-sp/hard/libgcc.a(_dvmd_tls.o)
                0x00000000080004cc                __aeabi_ldiv0
                0x00000000080004cc                __aeabi_idiv0
 *(.text*)
 .text.HAL_InitTick
                0x00000000080004d0       0x48 Drivers/STM32F4xx_HAL_Driver/Src/stm32f4xx_hal.o
                0x00000000080004d0                HAL_InitTick
 .text.HAL_Init
                0x0000000008000518       0x34 Drivers/STM32F4xx_HAL_Driver/Src/stm32f4xx_hal.o
                0x0000000008000518                HAL_Init
 .text.HAL_IncTick
                0x000000000800054c       0x18 Drivers/STM32F4xx_HAL_Driver/Src/stm32f4xx_hal.o
                0x000000000800054c                HAL_IncTick
 .text.HAL_GetTick
                0x0000000008000564        0xc Drivers/STM32F4xx_HAL_Driver/Src/stm32f4xx_hal.o
                0x0000000008000564                HAL_GetTick
 .text.HAL_Delay
                0x0000000008000570       0x28 Drivers/STM32F4xx_HAL_Driver/Src/stm32f4xx_hal.o
                0x0000000008000570                HAL_Delay
 .text.HAL_NVIC_SetPriorityGrouping
                0x0000000008000598       0x24 Drivers/STM32F4xx_HAL_Driver/Src/stm32f4xx_hal_cortex.o
                0x0000000008000598                HAL_NVIC_SetPriorityGrouping
 .text.HAL_NVIC_SetPriority
                0x00000000080005bc       0x68 Drivers/STM32F4xx_HAL_Driver/Src/stm32f4xx_hal_cortex.o
                0x00000000080005bc                HAL_NVIC_SetPriority
 .text.HAL_NVIC_EnableIRQ
                0x0000000008000624       0x18 Drivers/STM32F4xx_HAL_Driver/Src/stm32f4xx_hal_cortex.o
                0x0000000008000624                HAL_NVIC_EnableIRQ
 .text.HAL_SYSTICK_Config
                0x000000000800063c       0x2c Drivers/STM32F4xx_HAL_Driver/Src/stm32f4xx_hal_cortex.o
                0x000000000800063c                HAL_SYSTICK_Config
 .text.HAL_SYSTICK_CLKSourceConfig
                0x0000000008000668       0x20 Drivers/STM32F4xx_HAL_Driver/Src/stm32f4xx_hal_cortex.o
                0x0000000008000668                HAL_SYSTICK_CLKSourceConfig
 .text.HAL_GPIO_Init
                0x0000000008000688      0x1c8 Drivers/STM32F4xx_HAL_Driver/Src/stm32f4xx_hal_gpio.o
                0x0000000008000688                HAL_GPIO_Init
 .text.HAL_GPIO_WritePin
                0x0000000008000850        0xc Drivers/STM32F4xx_HAL_Driver/Src/stm32f4xx_hal_gpio.o
                0x0000000008000850                HAL_GPIO_WritePin
 .text.HAL_GPIO_TogglePin
                0x000000000800085c        0x8 Drivers/STM32F4xx_HAL_Driver/Src/stm32f4xx_hal_gpio.o
                0x000000000800085c                HAL_GPIO_TogglePin
 .text.HCD_RXQLVL_IRQHandler
                0x0000000008000864       0x7c Drivers/STM32F4xx_HAL_Driver/Src/stm32f4xx_hal_hcd.o
 .text.HAL_HCD_HC_Init
                0x00000000080008e0       0x72 Drivers/STM32F4xx_HAL_Driver/Src/stm32f4xx_hal_hcd.o
                0x00000000080008e0                HAL_HCD_HC_Init
 .text.HAL_HCD_HC_Halt
                0x0000000008000952       0x24 Drivers/STM32F4xx_HAL_Driver/Src/stm32f4xx_hal_hcd.o
                0x0000000008000952                HAL_HCD_HC_Halt
 .text.HAL_HCD_Init
                0x0000000008000976       0x78 Drivers/STM32F4xx_HAL_Driver/Src/stm32f4xx_hal_hcd.o
                0x0000000008000976                HAL_HCD_Init
 .text.HAL_HCD_HC_SubmitRequest
                0x00000000080009ee      0x1cc Drivers/STM32F4xx_HAL_Driver/Src/stm32f4xx_hal_hcd.o
                0x00000000080009ee                HAL_HCD_HC_SubmitRequest
 .text.HCD_Port_IRQHandler
                0x0000000008000bba       0xc8 Drivers/STM32F4xx_HAL_Driver/Src/stm32f4xx_hal_hcd.o
 .text.HCD_HC_IN_IRQHandler
                0x0000000008000c82      0x28c Drivers/STM32F4xx_HAL_Driver/Src/stm32f4xx_hal_hcd.o
 .text.HCD_HC_OUT_IRQHandler
                0x0000000008000f0e      0x29e Drivers/STM32F4xx_HAL_Driver/Src/stm32f4xx_hal_hcd.o
 .text.HAL_HCD_IRQHandler
                0x00000000080011ac      0x142 Drivers/STM32F4xx_HAL_Driver/Src/stm32f4xx_hal_hcd.o
                0x00000000080011ac                HAL_HCD_IRQHandler
 .text.HAL_HCD_Start
                0x00000000080012ee       0x2c Drivers/STM32F4xx_HAL_Driver/Src/stm32f4xx_hal_hcd.o
                0x00000000080012ee                HAL_HCD_Start
 .text.HAL_HCD_Stop
                0x000000000800131a       0x24 Drivers/STM32F4xx_HAL_Driver/Src/stm32f4xx_hal_hcd.o
                0x000000000800131a                HAL_HCD_Stop
 .text.HAL_HCD_ResetPort
                0x000000000800133e        0xa Drivers/STM32F4xx_HAL_Driver/Src/stm32f4xx_hal_hcd.o
                0x000000000800133e                HAL_HCD_ResetPort
 .text.HAL_HCD_HC_GetURBState
                0x0000000008001348        0xe Drivers/STM32F4xx_HAL_Driver/Src/stm32f4xx_hal_hcd.o
                0x0000000008001348                HAL_HCD_HC_GetURBState
 .text.HAL_HCD_HC_GetXferCount
                0x0000000008001356        0xc Drivers/STM32F4xx_HAL_Driver/Src/stm32f4xx_hal_hcd.o
                0x0000000008001356                HAL_HCD_HC_GetXferCount
 .text.HAL_HCD_GetCurrentFrame
                0x0000000008001362        0xa Drivers/STM32F4xx_HAL_Driver/Src/stm32f4xx_hal_hcd.o
                0x0000000008001362                HAL_HCD_GetCurrentFrame
 .text.HAL_HCD_GetCurrentSpeed
                0x000000000800136c        0xa Drivers/STM32F4xx_HAL_Driver/Src/stm32f4xx_hal_hcd.o
                0x000000000800136c                HAL_HCD_GetCurrentSpeed
 *fill*         0x0000000008001376        0x2 
 .text.HAL_I2C_Init
                0x0000000008001378      0x11c Drivers/STM32F4xx_HAL_Driver/Src/stm32f4xx_hal_i2c.o
                0x0000000008001378                HAL_I2C_Init
 .text.HAL_I2S_TxCpltCallback
                0x0000000008001494        0x2 Drivers/STM32F4xx_HAL_Driver/Src/stm32f4xx_hal_i2s.o
                0x0000000008001494                HAL_I2S_TxCpltCallback
 .text.I2S_Transmit_IT
                0x0000000008001496       0x38 Drivers/STM32F4xx_HAL_Driver/Src/stm32f4xx_hal_i2s.o
 .text.HAL_I2S_RxCpltCallback
                0x00000000080014ce        0x2 Drivers/STM32F4xx_HAL_Driver/Src/stm32f4xx_hal_i2s.o
                0x00000000080014ce                HAL_I2S_RxCpltCallback
 .text.I2S_Receive_IT
                0x00000000080014d0       0x38 Drivers/STM32F4xx_HAL_Driver/Src/stm32f4xx_hal_i2s.o
 .text.HAL_I2S_ErrorCallback
                0x0000000008001508        0x2 Drivers/STM32F4xx_HAL_Driver/Src/stm32f4xx_hal_i2s.o
                0x0000000008001508                HAL_I2S_ErrorCallback
 *fill*         0x000000000800150a        0x2 
 .text.HAL_I2S_Init
                0x000000000800150c      0x194 Drivers/STM32F4xx_HAL_Driver/Src/stm32f4xx_hal_i2s.o
                0x000000000800150c                HAL_I2S_Init
 .text.I2S_IRQHandler
                0x00000000080016a0       0xd8 Drivers/STM32F4xx_HAL_Driver/Src/stm32f4xx_hal_i2s.o
 .text.HAL_I2SEx_TxRxCpltCallback
                0x0000000008001778        0x2 Drivers/STM32F4xx_HAL_Driver/Src/stm32f4xx_hal_i2s_ex.o
                0x0000000008001778                HAL_I2SEx_TxRxCpltCallback
 *fill*         0x000000000800177a        0x2 
 .text.I2SEx_FullDuplexTx_IT
                0x000000000800177c       0xa0 Drivers/STM32F4xx_HAL_Driver/Src/stm32f4xx_hal_i2s_ex.o
 .text.I2SEx_FullDuplexRx_IT
                0x000000000800181c       0xa0 Drivers/STM32F4xx_HAL_Driver/Src/stm32f4xx_hal_i2s_ex.o
 .text.HAL_I2SEx_FullDuplex_IRQHandler
                0x00000000080018bc      0x208 Drivers/STM32F4xx_HAL_Driver/Src/stm32f4xx_hal_i2s_ex.o
                0x00000000080018bc                HAL_I2SEx_FullDuplex_IRQHandler
 .text.HAL_RCC_OscConfig
                0x0000000008001ac4      0x398 Drivers/STM32F4xx_HAL_Driver/Src/stm32f4xx_hal_rcc.o
                0x0000000008001ac4                HAL_RCC_OscConfig
 .text.HAL_RCC_GetSysClockFreq
                0x0000000008001e5c       0xd8 Drivers/STM32F4xx_HAL_Driver/Src/stm32f4xx_hal_rcc.o
                0x0000000008001e5c                HAL_RCC_GetSysClockFreq
 .text.HAL_RCC_ClockConfig
                0x0000000008001f34      0x158 Drivers/STM32F4xx_HAL_Driver/Src/stm32f4xx_hal_rcc.o
                0x0000000008001f34                HAL_RCC_ClockConfig
 .text.HAL_RCC_GetHCLKFreq
                0x000000000800208c        0xc Drivers/STM32F4xx_HAL_Driver/Src/stm32f4xx_hal_rcc.o
                0x000000000800208c                HAL_RCC_GetHCLKFreq
 .text.HAL_RCC_GetPCLK1Freq
                0x0000000008002098       0x20 Drivers/STM32F4xx_HAL_Driver/Src/stm32f4xx_hal_rcc.o
                0x0000000008002098                HAL_RCC_GetPCLK1Freq
 .text.HAL_RCC_GetPCLK2Freq
                0x00000000080020b8       0x20 Drivers/STM32F4xx_HAL_Driver/Src/stm32f4xx_hal_rcc.o
                0x00000000080020b8                HAL_RCC_GetPCLK2Freq
 .text.HAL_RCCEx_PeriphCLKConfig
                0x00000000080020d8      0x154 Drivers/STM32F4xx_HAL_Driver/Src/stm32f4xx_hal_rcc_ex.o
                0x00000000080020d8                HAL_RCCEx_PeriphCLKConfig
 .text.HAL_RCCEx_GetPeriphCLKFreq
                0x000000000800222c       0x74 Drivers/STM32F4xx_HAL_Driver/Src/stm32f4xx_hal_rcc_ex.o
                0x000000000800222c                HAL_RCCEx_GetPeriphCLKFreq
 .text.HAL_SPI_Init
                0x00000000080022a0       0x80 Drivers/STM32F4xx_HAL_Driver/Src/stm32f4xx_hal_spi.o
                0x00000000080022a0                HAL_SPI_Init
 .text.UART_SetConfig
                0x0000000008002320      0x334 Drivers/STM32F4xx_HAL_Driver/Src/stm32f4xx_hal_uart.o
 .text.HAL_UART_Init
                0x0000000008002654       0x5e Drivers/STM32F4xx_HAL_Driver/Src/stm32f4xx_hal_uart.o
                0x0000000008002654                HAL_UART_Init
 .text.USB_CoreInit
                0x00000000080026b2       0x7c Drivers/STM32F4xx_HAL_Driver/Src/stm32f4xx_ll_usb.o
                0x00000000080026b2                USB_CoreInit
 .text.USB_EnableGlobalInt
                0x000000000800272e        0xc Drivers/STM32F4xx_HAL_Driver/Src/stm32f4xx_ll_usb.o
                0x000000000800272e                USB_EnableGlobalInt
 .text.USB_DisableGlobalInt
                0x000000000800273a        0xc Drivers/STM32F4xx_HAL_Driver/Src/stm32f4xx_ll_usb.o
                0x000000000800273a                USB_DisableGlobalInt
 .text.USB_SetCurrentMode
                0x0000000008002746       0x2c Drivers/STM32F4xx_HAL_Driver/Src/stm32f4xx_ll_usb.o
                0x0000000008002746                USB_SetCurrentMode
 *fill*         0x0000000008002772        0x2 
 .text.USB_FlushTxFifo
                0x0000000008002774       0x28 Drivers/STM32F4xx_HAL_Driver/Src/stm32f4xx_ll_usb.o
                0x0000000008002774                USB_FlushTxFifo
 .text.USB_FlushRxFifo
                0x000000000800279c       0x24 Drivers/STM32F4xx_HAL_Driver/Src/stm32f4xx_ll_usb.o
                0x000000000800279c                USB_FlushRxFifo
 .text.USB_WritePacket
                0x00000000080027c0       0x28 Drivers/STM32F4xx_HAL_Driver/Src/stm32f4xx_ll_usb.o
                0x00000000080027c0                USB_WritePacket
 .text.USB_ReadPacket
                0x00000000080027e8       0x28 Drivers/STM32F4xx_HAL_Driver/Src/stm32f4xx_ll_usb.o
                0x00000000080027e8                USB_ReadPacket
 .text.USB_ReadInterrupts
                0x0000000008002810        0x8 Drivers/STM32F4xx_HAL_Driver/Src/stm32f4xx_ll_usb.o
                0x0000000008002810                USB_ReadInterrupts
 .text.USB_GetMode
                0x0000000008002818        0x8 Drivers/STM32F4xx_HAL_Driver/Src/stm32f4xx_ll_usb.o
                0x0000000008002818                USB_GetMode
 .text.USB_CoreReset
                0x0000000008002820       0x3c Drivers/STM32F4xx_HAL_Driver/Src/stm32f4xx_ll_usb.o
 .text.USB_HostInit
                0x000000000800285c       0xec Drivers/STM32F4xx_HAL_Driver/Src/stm32f4xx_ll_usb.o
                0x000000000800285c                USB_HostInit
 .text.USB_InitFSLSPClkSel
                0x0000000008002948       0x40 Drivers/STM32F4xx_HAL_Driver/Src/stm32f4xx_ll_usb.o
                0x0000000008002948                USB_InitFSLSPClkSel
 .text.USB_ResetPort
                0x0000000008002988       0x34 Drivers/STM32F4xx_HAL_Driver/Src/stm32f4xx_ll_usb.o
                0x0000000008002988                USB_ResetPort
 .text.USB_DriveVbus
                0x00000000080029bc       0x42 Drivers/STM32F4xx_HAL_Driver/Src/stm32f4xx_ll_usb.o
                0x00000000080029bc                USB_DriveVbus
 .text.USB_GetHostSpeed
                0x00000000080029fe       0x12 Drivers/STM32F4xx_HAL_Driver/Src/stm32f4xx_ll_usb.o
                0x00000000080029fe                USB_GetHostSpeed
 .text.USB_GetCurrentFrame
                0x0000000008002a10        0xa Drivers/STM32F4xx_HAL_Driver/Src/stm32f4xx_ll_usb.o
                0x0000000008002a10                USB_GetCurrentFrame
 .text.USB_HC_Init
                0x0000000008002a1a       0xe0 Drivers/STM32F4xx_HAL_Driver/Src/stm32f4xx_ll_usb.o
                0x0000000008002a1a                USB_HC_Init
 *fill*         0x0000000008002afa        0x2 
 .text.USB_HC_StartXfer
                0x0000000008002afc      0x274 Drivers/STM32F4xx_HAL_Driver/Src/stm32f4xx_ll_usb.o
                0x0000000008002afc                USB_HC_StartXfer
 .text.USB_HC_ReadInterrupt
                0x0000000008002d70       0x1e Drivers/STM32F4xx_HAL_Driver/Src/stm32f4xx_ll_usb.o
                0x0000000008002d70                USB_HC_ReadInterrupt
 .text.USB_HC_Halt
                0x0000000008002d8e      0x1c2 Drivers/STM32F4xx_HAL_Driver/Src/stm32f4xx_ll_usb.o
                0x0000000008002d8e                USB_HC_Halt
 .text.USB_DoPing
                0x0000000008002f50       0x74 Drivers/STM32F4xx_HAL_Driver/Src/stm32f4xx_ll_usb.o
                0x0000000008002f50                USB_DoPing
 .text.USB_StopHost
                0x0000000008002fc4      0x108 Drivers/STM32F4xx_HAL_Driver/Src/stm32f4xx_ll_usb.o
                0x0000000008002fc4                USB_StopHost
 .text.USBH_CDC_SOFProcess
                0x00000000080030cc        0x4 Middlewares/ST/STM32_USB_Host_Library/Class/CDC/Src/usbh_cdc.o
 .text.SetLineCoding
                0x00000000080030d0       0x1a Middlewares/ST/STM32_USB_Host_Library/Class/CDC/Src/usbh_cdc.o
 .text.GetLineCoding
                0x00000000080030ea       0x1a Middlewares/ST/STM32_USB_Host_Library/Class/CDC/Src/usbh_cdc.o
 .text.USBH_CDC_ClassRequest
                0x0000000008003104       0x22 Middlewares/ST/STM32_USB_Host_Library/Class/CDC/Src/usbh_cdc.o
 .text.USBH_CDC_InterfaceDeInit
                0x0000000008003126       0x68 Middlewares/ST/STM32_USB_Host_Library/Class/CDC/Src/usbh_cdc.o
 .text.USBH_CDC_InterfaceInit
                0x000000000800318e      0x160 Middlewares/ST/STM32_USB_Host_Library/Class/CDC/Src/usbh_cdc.o
 .text.USBH_CDC_TransmitCallback
                0x00000000080032ee        0x2 Middlewares/ST/STM32_USB_Host_Library/Class/CDC/Src/usbh_cdc.o
                0x00000000080032ee                USBH_CDC_TransmitCallback
 .text.CDC_ProcessTransmission
                0x00000000080032f0       0xac Middlewares/ST/STM32_USB_Host_Library/Class/CDC/Src/usbh_cdc.o
 .text.USBH_CDC_ReceiveCallback
                0x000000000800339c        0x2 Middlewares/ST/STM32_USB_Host_Library/Class/CDC/Src/usbh_cdc.o
                0x000000000800339c                USBH_CDC_ReceiveCallback
 .text.CDC_ProcessReception
                0x000000000800339e       0x76 Middlewares/ST/STM32_USB_Host_Library/Class/CDC/Src/usbh_cdc.o
 .text.USBH_CDC_LineCodingChanged
                0x0000000008003414        0x2 Middlewares/ST/STM32_USB_Host_Library/Class/CDC/Src/usbh_cdc.o
                0x0000000008003414                USBH_CDC_LineCodingChanged
 .text.USBH_CDC_Process
                0x0000000008003416       0xb8 Middlewares/ST/STM32_USB_Host_Library/Class/CDC/Src/usbh_cdc.o
 .text.DeInitStateMachine
                0x00000000080034ce       0x4c Middlewares/ST/STM32_USB_Host_Library/Core/Src/usbh_core.o
 .text.USBH_HandleSof
                0x000000000800351a       0x1a Middlewares/ST/STM32_USB_Host_Library/Core/Src/usbh_core.o
 .text.USBH_HandleEnum
                0x0000000008003534      0x1a2 Middlewares/ST/STM32_USB_Host_Library/Core/Src/usbh_core.o
 *fill*         0x00000000080036d6        0x2 
 .text.USBH_Init
                0x00000000080036d8       0x68 Middlewares/ST/STM32_USB_Host_Library/Core/Src/usbh_core.o
                0x00000000080036d8                USBH_Init
 .text.USBH_RegisterClass
                0x0000000008003740       0x22 Middlewares/ST/STM32_USB_Host_Library/Core/Src/usbh_core.o
                0x0000000008003740                USBH_RegisterClass
 .text.USBH_SelectInterface
                0x0000000008003762       0x14 Middlewares/ST/STM32_USB_Host_Library/Core/Src/usbh_core.o
                0x0000000008003762                USBH_SelectInterface
 .text.USBH_FindInterface
                0x0000000008003776       0x52 Middlewares/ST/STM32_USB_Host_Library/Core/Src/usbh_core.o
                0x0000000008003776                USBH_FindInterface
 .text.USBH_Start
                0x00000000080037c8       0x14 Middlewares/ST/STM32_USB_Host_Library/Core/Src/usbh_core.o
                0x00000000080037c8                USBH_Start
 .text.USBH_Process
                0x00000000080037dc      0x1ce Middlewares/ST/STM32_USB_Host_Library/Core/Src/usbh_core.o
                0x00000000080037dc                USBH_Process
 .text.USBH_Process_OS
                0x00000000080039aa       0x22 Middlewares/ST/STM32_USB_Host_Library/Core/Src/usbh_core.o
 .text.USBH_LL_SetTimer
                0x00000000080039cc        0x6 Middlewares/ST/STM32_USB_Host_Library/Core/Src/usbh_core.o
                0x00000000080039cc                USBH_LL_SetTimer
 .text.USBH_LL_IncTimer
                0x00000000080039d2       0x12 Middlewares/ST/STM32_USB_Host_Library/Core/Src/usbh_core.o
                0x00000000080039d2                USBH_LL_IncTimer
 .text.USBH_LL_Connect
                0x00000000080039e4       0x36 Middlewares/ST/STM32_USB_Host_Library/Core/Src/usbh_core.o
                0x00000000080039e4                USBH_LL_Connect
 .text.USBH_LL_Disconnect
                0x0000000008003a1a       0x44 Middlewares/ST/STM32_USB_Host_Library/Core/Src/usbh_core.o
                0x0000000008003a1a                USBH_LL_Disconnect
 .text.USBH_LL_NotifyURBChange
                0x0000000008003a5e       0x12 Middlewares/ST/STM32_USB_Host_Library/Core/Src/usbh_core.o
                0x0000000008003a5e                USBH_LL_NotifyURBChange
 .text.USBH_ParseDevDesc
                0x0000000008003a70       0x5c Middlewares/ST/STM32_USB_Host_Library/Core/Src/usbh_ctlreq.o
 .text.USBH_ParseInterfaceDesc
                0x0000000008003acc       0x26 Middlewares/ST/STM32_USB_Host_Library/Core/Src/usbh_ctlreq.o
 .text.USBH_ParseEPDesc
                0x0000000008003af2       0x20 Middlewares/ST/STM32_USB_Host_Library/Core/Src/usbh_ctlreq.o
 .text.USBH_ParseStringDesc
                0x0000000008003b12       0x3c Middlewares/ST/STM32_USB_Host_Library/Core/Src/usbh_ctlreq.o
 .text.USBH_HandleControl
                0x0000000008003b4e      0x288 Middlewares/ST/STM32_USB_Host_Library/Core/Src/usbh_ctlreq.o
 .text.USBH_GetNextDesc
                0x0000000008003dd6        0xe Middlewares/ST/STM32_USB_Host_Library/Core/Src/usbh_ctlreq.o
                0x0000000008003dd6                USBH_GetNextDesc
 .text.USBH_ParseCfgDesc
                0x0000000008003de4       0xc8 Middlewares/ST/STM32_USB_Host_Library/Core/Src/usbh_ctlreq.o
 .text.USBH_CtlReq
                0x0000000008003eac       0x4a Middlewares/ST/STM32_USB_Host_Library/Core/Src/usbh_ctlreq.o
                0x0000000008003eac                USBH_CtlReq
 .text.USBH_GetDescriptor
                0x0000000008003ef6       0x3c Middlewares/ST/STM32_USB_Host_Library/Core/Src/usbh_ctlreq.o
                0x0000000008003ef6                USBH_GetDescriptor
 .text.USBH_Get_DevDesc
                0x0000000008003f32       0x32 Middlewares/ST/STM32_USB_Host_Library/Core/Src/usbh_ctlreq.o
                0x0000000008003f32                USBH_Get_DevDesc
 .text.USBH_Get_CfgDesc
                0x0000000008003f64       0x32 Middlewares/ST/STM32_USB_Host_Library/Core/Src/usbh_ctlreq.o
                0x0000000008003f64                USBH_Get_CfgDesc
 .text.USBH_Get_StringDesc
                0x0000000008003f96       0x30 Middlewares/ST/STM32_USB_Host_Library/Core/Src/usbh_ctlreq.o
                0x0000000008003f96                USBH_Get_StringDesc
 .text.USBH_SetAddress
                0x0000000008003fc6       0x22 Middlewares/ST/STM32_USB_Host_Library/Core/Src/usbh_ctlreq.o
                0x0000000008003fc6                USBH_SetAddress
 .text.USBH_SetCfg
                0x0000000008003fe8       0x22 Middlewares/ST/STM32_USB_Host_Library/Core/Src/usbh_ctlreq.o
                0x0000000008003fe8                USBH_SetCfg
 .text.USBH_ClrFeature
                0x000000000800400a       0x24 Middlewares/ST/STM32_USB_Host_Library/Core/Src/usbh_ctlreq.o
                0x000000000800400a                USBH_ClrFeature
 .text.USBH_CtlSendSetup
                0x000000000800402e       0x22 Middlewares/ST/STM32_USB_Host_Library/Core/Src/usbh_ioreq.o
                0x000000000800402e                USBH_CtlSendSetup
 .text.USBH_CtlSendData
                0x0000000008004050       0x2c Middlewares/ST/STM32_USB_Host_Library/Core/Src/usbh_ioreq.o
                0x0000000008004050                USBH_CtlSendData
 .text.USBH_CtlReceiveData
                0x000000000800407c       0x20 Middlewares/ST/STM32_USB_Host_Library/Core/Src/usbh_ioreq.o
                0x000000000800407c                USBH_CtlReceiveData
 .text.USBH_BulkSendData
                0x000000000800409c       0x2c Middlewares/ST/STM32_USB_Host_Library/Core/Src/usbh_ioreq.o
                0x000000000800409c                USBH_BulkSendData
 .text.USBH_BulkReceiveData
                0x00000000080040c8       0x20 Middlewares/ST/STM32_USB_Host_Library/Core/Src/usbh_ioreq.o
                0x00000000080040c8                USBH_BulkReceiveData
 .text.USBH_GetFreePipe
                0x00000000080040e8       0x26 Middlewares/ST/STM32_USB_Host_Library/Core/Src/usbh_pipes.o
 .text.USBH_OpenPipe
                0x000000000800410e       0x20 Middlewares/ST/STM32_USB_Host_Library/Core/Src/usbh_pipes.o
                0x000000000800410e                USBH_OpenPipe
 .text.USBH_ClosePipe
                0x000000000800412e        0xa Middlewares/ST/STM32_USB_Host_Library/Core/Src/usbh_pipes.o
                0x000000000800412e                USBH_ClosePipe
 .text.USBH_AllocPipe
                0x0000000008004138       0x24 Middlewares/ST/STM32_USB_Host_Library/Core/Src/usbh_pipes.o
                0x0000000008004138                USBH_AllocPipe
 .text.USBH_FreePipe
                0x000000000800415c       0x16 Middlewares/ST/STM32_USB_Host_Library/Core/Src/usbh_pipes.o
                0x000000000800415c                USBH_FreePipe
 .text.makeFreeRtosPriority
                0x0000000008004172        0xc Middlewares/Third_Party/FreeRTOS/Source/CMSIS_RTOS/cmsis_os.o
 .text.inHandlerMode
                0x000000000800417e        0xc Middlewares/Third_Party/FreeRTOS/Source/CMSIS_RTOS/cmsis_os.o
 .text.osKernelStart
                0x000000000800418a        0xa Middlewares/Third_Party/FreeRTOS/Source/CMSIS_RTOS/cmsis_os.o
                0x000000000800418a                osKernelStart
 .text.osKernelSysTick
                0x0000000008004194       0x14 Middlewares/Third_Party/FreeRTOS/Source/CMSIS_RTOS/cmsis_os.o
                0x0000000008004194                osKernelSysTick
 .text.osThreadCreate
                0x00000000080041a8       0x34 Middlewares/Third_Party/FreeRTOS/Source/CMSIS_RTOS/cmsis_os.o
                0x00000000080041a8                osThreadCreate
 .text.osDelay  0x00000000080041dc       0x12 Middlewares/Third_Party/FreeRTOS/Source/CMSIS_RTOS/cmsis_os.o
                0x00000000080041dc                osDelay
 *fill*         0x00000000080041ee        0x2 
 .text.osTimerCreate
                0x00000000080041f0       0x28 Middlewares/Third_Party/FreeRTOS/Source/CMSIS_RTOS/cmsis_os.o
                0x00000000080041f0                osTimerCreate
 .text.osMessageCreate
                0x0000000008004218        0xe Middlewares/Third_Party/FreeRTOS/Source/CMSIS_RTOS/cmsis_os.o
                0x0000000008004218                osMessageCreate
 *fill*         0x0000000008004226        0x2 
 .text.osMessagePut
                0x0000000008004228       0x68 Middlewares/Third_Party/FreeRTOS/Source/CMSIS_RTOS/cmsis_os.o
                0x0000000008004228                osMessagePut
 .text.osMessageGet
                0x0000000008004290       0xa0 Middlewares/Third_Party/FreeRTOS/Source/CMSIS_RTOS/cmsis_os.o
                0x0000000008004290                osMessageGet
 .text.osSystickHandler
                0x0000000008004330       0x10 Middlewares/Third_Party/FreeRTOS/Source/CMSIS_RTOS/cmsis_os.o
                0x0000000008004330                osSystickHandler
 .text.vListInitialise
                0x0000000008004340       0x16 Middlewares/Third_Party/FreeRTOS/Source/list.o
                0x0000000008004340                vListInitialise
 .text.vListInitialiseItem
                0x0000000008004356        0x6 Middlewares/Third_Party/FreeRTOS/Source/list.o
                0x0000000008004356                vListInitialiseItem
 .text.vListInsertEnd
                0x000000000800435c       0x18 Middlewares/Third_Party/FreeRTOS/Source/list.o
                0x000000000800435c                vListInsertEnd
 .text.vListInsert
                0x0000000008004374       0x34 Middlewares/Third_Party/FreeRTOS/Source/list.o
                0x0000000008004374                vListInsert
 .text.uxListRemove
                0x00000000080043a8       0x26 Middlewares/Third_Party/FreeRTOS/Source/list.o
                0x00000000080043a8                uxListRemove
 .text.prvIsQueueFull
                0x00000000080043ce       0x1e Middlewares/Third_Party/FreeRTOS/Source/queue.o
 .text.prvIsQueueEmpty
                0x00000000080043ec       0x1a Middlewares/Third_Party/FreeRTOS/Source/queue.o
 .text.prvCopyDataToQueue
                0x0000000008004406       0x76 Middlewares/Third_Party/FreeRTOS/Source/queue.o
 .text.prvCopyDataFromQueue
                0x000000000800447c       0x24 Middlewares/Third_Party/FreeRTOS/Source/queue.o
 .text.prvUnlockQueue
                0x00000000080044a0       0x6e Middlewares/Third_Party/FreeRTOS/Source/queue.o
 *fill*         0x000000000800450e        0x2 
 .text.xQueueGenericReset
                0x0000000008004510       0x84 Middlewares/Third_Party/FreeRTOS/Source/queue.o
                0x0000000008004510                xQueueGenericReset
 .text.prvInitialiseNewQueue
                0x0000000008004594       0x1c Middlewares/Third_Party/FreeRTOS/Source/queue.o
 .text.xQueueGenericCreate
                0x00000000080045b0       0x48 Middlewares/Third_Party/FreeRTOS/Source/queue.o
                0x00000000080045b0                xQueueGenericCreate
 .text.xQueueGenericSend
                0x00000000080045f8      0x17c Middlewares/Third_Party/FreeRTOS/Source/queue.o
                0x00000000080045f8                xQueueGenericSend
 .text.xQueueGenericSendFromISR
                0x0000000008004774       0xcc Middlewares/Third_Party/FreeRTOS/Source/queue.o
                0x0000000008004774                xQueueGenericSendFromISR
 .text.xQueueGenericReceive
                0x0000000008004840      0x1a4 Middlewares/Third_Party/FreeRTOS/Source/queue.o
                0x0000000008004840                xQueueGenericReceive
 .text.xQueueReceiveFromISR
                0x00000000080049e4       0xaa Middlewares/Third_Party/FreeRTOS/Source/queue.o
                0x00000000080049e4                xQueueReceiveFromISR
 *fill*         0x0000000008004a8e        0x2 
 .text.vQueueAddToRegistry
                0x0000000008004a90       0x28 Middlewares/Third_Party/FreeRTOS/Source/queue.o
                0x0000000008004a90                vQueueAddToRegistry
 .text.vQueueWaitForMessageRestricted
                0x0000000008004ab8       0x52 Middlewares/Third_Party/FreeRTOS/Source/queue.o
                0x0000000008004ab8                vQueueWaitForMessageRestricted
 *fill*         0x0000000008004b0a        0x2 
 .text.prvResetNextTaskUnblockTime
                0x0000000008004b0c       0x24 Middlewares/Third_Party/FreeRTOS/Source/tasks.o
 .text.prvDeleteTCB
                0x0000000008004b30       0x12 Middlewares/Third_Party/FreeRTOS/Source/tasks.o
 .text.prvInitialiseNewTask
                0x0000000008004b42       0x80 Middlewares/Third_Party/FreeRTOS/Source/tasks.o
 *fill*         0x0000000008004bc2        0x2 
 .text.prvInitialiseTaskLists
                0x0000000008004bc4       0x58 Middlewares/Third_Party/FreeRTOS/Source/tasks.o
 .text.prvAddNewTaskToReadyList
                0x0000000008004c1c       0xac Middlewares/Third_Party/FreeRTOS/Source/tasks.o
 .text.prvAddCurrentTaskToDelayedList
                0x0000000008004cc8       0x88 Middlewares/Third_Party/FreeRTOS/Source/tasks.o
 .text.xTaskCreate
                0x0000000008004d50       0x62 Middlewares/Third_Party/FreeRTOS/Source/tasks.o
                0x0000000008004d50                xTaskCreate
 *fill*         0x0000000008004db2        0x2 
 .text.vTaskStartScheduler
                0x0000000008004db4       0x7c Middlewares/Third_Party/FreeRTOS/Source/tasks.o
                0x0000000008004db4                vTaskStartScheduler
 .text.vTaskSuspendAll
                0x0000000008004e30       0x14 Middlewares/Third_Party/FreeRTOS/Source/tasks.o
                0x0000000008004e30                vTaskSuspendAll
 .text.xTaskGetTickCount
                0x0000000008004e44        0xc Middlewares/Third_Party/FreeRTOS/Source/tasks.o
                0x0000000008004e44                xTaskGetTickCount
 .text.xTaskGetTickCountFromISR
                0x0000000008004e50       0x14 Middlewares/Third_Party/FreeRTOS/Source/tasks.o
                0x0000000008004e50                xTaskGetTickCountFromISR
 .text.xTaskIncrementTick
                0x0000000008004e64      0x10c Middlewares/Third_Party/FreeRTOS/Source/tasks.o
                0x0000000008004e64                xTaskIncrementTick
 .text.xTaskResumeAll
                0x0000000008004f70       0xf0 Middlewares/Third_Party/FreeRTOS/Source/tasks.o
                0x0000000008004f70                xTaskResumeAll
 .text.vTaskDelay
                0x0000000008005060       0x4c Middlewares/Third_Party/FreeRTOS/Source/tasks.o
                0x0000000008005060                vTaskDelay
 .text.prvCheckTasksWaitingTermination
                0x00000000080050ac       0x54 Middlewares/Third_Party/FreeRTOS/Source/tasks.o
 .text.prvIdleTask
                0x0000000008005100       0x28 Middlewares/Third_Party/FreeRTOS/Source/tasks.o
 .text.vTaskSwitchContext
                0x0000000008005128       0x90 Middlewares/Third_Party/FreeRTOS/Source/tasks.o
                0x0000000008005128                vTaskSwitchContext
 .text.vTaskPlaceOnEventList
                0x00000000080051b8       0x34 Middlewares/Third_Party/FreeRTOS/Source/tasks.o
                0x00000000080051b8                vTaskPlaceOnEventList
 .text.vTaskPlaceOnEventListRestricted
                0x00000000080051ec       0x3c Middlewares/Third_Party/FreeRTOS/Source/tasks.o
                0x00000000080051ec                vTaskPlaceOnEventListRestricted
 .text.xTaskRemoveFromEventList
                0x0000000008005228       0x84 Middlewares/Third_Party/FreeRTOS/Source/tasks.o
                0x0000000008005228                xTaskRemoveFromEventList
 .text.vTaskSetTimeOutState
                0x00000000080052ac       0x28 Middlewares/Third_Party/FreeRTOS/Source/tasks.o
                0x00000000080052ac                vTaskSetTimeOutState
 .text.xTaskCheckForTimeOut
                0x00000000080052d4       0x80 Middlewares/Third_Party/FreeRTOS/Source/tasks.o
                0x00000000080052d4                xTaskCheckForTimeOut
 .text.vTaskMissedYield
                0x0000000008005354       0x10 Middlewares/Third_Party/FreeRTOS/Source/tasks.o
                0x0000000008005354                vTaskMissedYield
 .text.xTaskGetSchedulerState
                0x0000000008005364       0x20 Middlewares/Third_Party/FreeRTOS/Source/tasks.o
                0x0000000008005364                xTaskGetSchedulerState
 .text.vTaskPriorityInherit
                0x0000000008005384       0xac Middlewares/Third_Party/FreeRTOS/Source/tasks.o
                0x0000000008005384                vTaskPriorityInherit
 .text.xTaskPriorityDisinherit
                0x0000000008005430       0xb0 Middlewares/Third_Party/FreeRTOS/Source/tasks.o
                0x0000000008005430                xTaskPriorityDisinherit
 .text.pvTaskIncrementMutexHeldCount
                0x00000000080054e0       0x20 Middlewares/Third_Party/FreeRTOS/Source/tasks.o
                0x00000000080054e0                pvTaskIncrementMutexHeldCount
 .text.prvGetNextExpireTime
                0x0000000008005500       0x20 Middlewares/Third_Party/FreeRTOS/Source/timers.o
 .text.prvInsertTimerInActiveList
                0x0000000008005520       0x44 Middlewares/Third_Party/FreeRTOS/Source/timers.o
 .text.prvCheckForValidListAndQueue
                0x0000000008005564       0x4c Middlewares/Third_Party/FreeRTOS/Source/timers.o
 .text.prvInitialiseNewTimer
                0x00000000080055b0       0x40 Middlewares/Third_Party/FreeRTOS/Source/timers.o
 .text.xTimerCreateTimerTask
                0x00000000080055f0       0x50 Middlewares/Third_Party/FreeRTOS/Source/timers.o
                0x00000000080055f0                xTimerCreateTimerTask
 .text.xTimerCreate
                0x0000000008005640       0x32 Middlewares/Third_Party/FreeRTOS/Source/timers.o
                0x0000000008005640                xTimerCreate
 *fill*         0x0000000008005672        0x2 
 .text.xTimerGenericCommand
                0x0000000008005674       0x6c Middlewares/Third_Party/FreeRTOS/Source/timers.o
                0x0000000008005674                xTimerGenericCommand
 .text.prvSwitchTimerLists
                0x00000000080056e0       0x88 Middlewares/Third_Party/FreeRTOS/Source/timers.o
 .text.prvSampleTimeNow
                0x0000000008005768       0x2c Middlewares/Third_Party/FreeRTOS/Source/timers.o
 .text.prvProcessExpiredTimer
                0x0000000008005794       0x60 Middlewares/Third_Party/FreeRTOS/Source/timers.o
 .text.prvProcessTimerOrBlockTask
                0x00000000080057f4       0x70 Middlewares/Third_Party/FreeRTOS/Source/timers.o
 .text.prvProcessReceivedCommands
                0x0000000008005864       0xe4 Middlewares/Third_Party/FreeRTOS/Source/timers.o
 .text.prvTimerTask
                0x0000000008005948       0x16 Middlewares/Third_Party/FreeRTOS/Source/timers.o
 *fill*         0x000000000800595e        0x2 
 .text.prvTaskExitError
                0x0000000008005960       0x34 Middlewares/Third_Party/FreeRTOS/Source/portable/GCC/ARM_CM4F/port.o
 .text.prvPortStartFirstTask
                0x0000000008005994       0x20 Middlewares/Third_Party/FreeRTOS/Source/portable/GCC/ARM_CM4F/port.o
 .text.vPortEnableVFP
                0x00000000080059b4       0x14 Middlewares/Third_Party/FreeRTOS/Source/portable/GCC/ARM_CM4F/port.o
 .text.pxPortInitialiseStack
                0x00000000080059c8       0x2c Middlewares/Third_Party/FreeRTOS/Source/portable/GCC/ARM_CM4F/port.o
                0x00000000080059c8                pxPortInitialiseStack
 *fill*         0x00000000080059f4        0xc 
 .text.SVC_Handler
                0x0000000008005a00       0x24 Middlewares/Third_Party/FreeRTOS/Source/portable/GCC/ARM_CM4F/port.o
                0x0000000008005a00                SVC_Handler
 .text.vPortEnterCritical
                0x0000000008005a24       0x44 Middlewares/Third_Party/FreeRTOS/Source/portable/GCC/ARM_CM4F/port.o
                0x0000000008005a24                vPortEnterCritical
 .text.vPortExitCritical
                0x0000000008005a68       0x2c Middlewares/Third_Party/FreeRTOS/Source/portable/GCC/ARM_CM4F/port.o
                0x0000000008005a68                vPortExitCritical
 *fill*         0x0000000008005a94        0xc 
 .text.PendSV_Handler
                0x0000000008005aa0       0x64 Middlewares/Third_Party/FreeRTOS/Source/portable/GCC/ARM_CM4F/port.o
                0x0000000008005aa0                PendSV_Handler
 .text.xPortSysTickHandler
                0x0000000008005b04       0x2c Middlewares/Third_Party/FreeRTOS/Source/portable/GCC/ARM_CM4F/port.o
                0x0000000008005b04                xPortSysTickHandler
 .text.vPortSetupTimerInterrupt
                0x0000000008005b30       0x2c Middlewares/Third_Party/FreeRTOS/Source/portable/GCC/ARM_CM4F/port.o
                0x0000000008005b30                vPortSetupTimerInterrupt
 .text.xPortStartScheduler
                0x0000000008005b5c       0xe8 Middlewares/Third_Party/FreeRTOS/Source/portable/GCC/ARM_CM4F/port.o
                0x0000000008005b5c                xPortStartScheduler
 .text.vPortValidateInterruptPriority
                0x0000000008005c44       0x58 Middlewares/Third_Party/FreeRTOS/Source/portable/GCC/ARM_CM4F/port.o
                0x0000000008005c44                vPortValidateInterruptPriority
 .text.prvHeapInit
                0x0000000008005c9c       0x4c Middlewares/Third_Party/FreeRTOS/Source/portable/MemMang/heap_4.o
 .text.prvInsertBlockIntoFreeList
                0x0000000008005ce8       0x54 Middlewares/Third_Party/FreeRTOS/Source/portable/MemMang/heap_4.o
 .text.pvPortMalloc
                0x0000000008005d3c       0xf4 Middlewares/Third_Party/FreeRTOS/Source/portable/MemMang/heap_4.o
                0x0000000008005d3c                pvPortMalloc
 .text.vPortFree
                0x0000000008005e30       0x6c Middlewares/Third_Party/FreeRTOS/Source/portable/MemMang/heap_4.o
                0x0000000008005e30                vPortFree
 .text.MX_GPIO_Init
                0x0000000008005e9c      0x180 Src/main.o
 .text.StartDefaultTask
                0x000000000800601c        0xe Src/main.o
                0x000000000800601c                StartDefaultTask
 *fill*         0x000000000800602a        0x2 
 .text.led_update
                0x000000000800602c       0x40 Src/main.o
                0x000000000800602c                led_update
 .text.led_thread
                0x000000000800606c       0x1c Src/main.o
                0x000000000800606c                led_thread
 .text.Callback01
                0x0000000008006088       0x1c Src/main.o
                0x0000000008006088                Callback01
 .text._Error_Handler
                0x00000000080060a4        0x2 Src/main.o
                0x00000000080060a4                _Error_Handler
 *fill*         0x00000000080060a6        0x2 
 .text.MX_I2C1_Init
                0x00000000080060a8       0x44 Src/main.o
 .text.MX_I2S3_Init
                0x00000000080060ec       0x44 Src/main.o
 .text.MX_SPI1_Init
                0x0000000008006130       0x48 Src/main.o
 .text.MX_USART2_UART_Init
                0x0000000008006178       0x3c Src/main.o
 .text.SystemClock_Config
                0x00000000080061b4       0xec Src/main.o
                0x00000000080061b4                SystemClock_Config
 .text.main     0x00000000080062a0       0x98 Src/main.o
                0x00000000080062a0                main
 .text.HAL_MspInit
                0x0000000008006338       0x94 Src/stm32f4xx_hal_msp.o
                0x0000000008006338                HAL_MspInit
 .text.HAL_I2C_MspInit
                0x00000000080063cc       0x54 Src/stm32f4xx_hal_msp.o
                0x00000000080063cc                HAL_I2C_MspInit
 .text.HAL_I2S_MspInit
                0x0000000008006420       0x68 Src/stm32f4xx_hal_msp.o
                0x0000000008006420                HAL_I2S_MspInit
 .text.HAL_SPI_MspInit
                0x0000000008006488       0x50 Src/stm32f4xx_hal_msp.o
                0x0000000008006488                HAL_SPI_MspInit
 .text.HAL_UART_MspInit
                0x00000000080064d8       0x54 Src/stm32f4xx_hal_msp.o
                0x00000000080064d8                HAL_UART_MspInit
 .text.NMI_Handler
                0x000000000800652c        0x2 Src/stm32f4xx_it.o
                0x000000000800652c                NMI_Handler
 .text.HardFault_Handler
                0x000000000800652e        0x2 Src/stm32f4xx_it.o
                0x000000000800652e                HardFault_Handler
 .text.MemManage_Handler
                0x0000000008006530        0x2 Src/stm32f4xx_it.o
                0x0000000008006530                MemManage_Handler
 .text.BusFault_Handler
                0x0000000008006532        0x2 Src/stm32f4xx_it.o
                0x0000000008006532                BusFault_Handler
 .text.UsageFault_Handler
                0x0000000008006534        0x2 Src/stm32f4xx_it.o
                0x0000000008006534                UsageFault_Handler
 .text.DebugMon_Handler
                0x0000000008006536        0x2 Src/stm32f4xx_it.o
                0x0000000008006536                DebugMon_Handler
 .text.SysTick_Handler
                0x0000000008006538        0xc Src/stm32f4xx_it.o
                0x0000000008006538                SysTick_Handler
 .text.OTG_FS_IRQHandler
                0x0000000008006544       0x10 Src/stm32f4xx_it.o
                0x0000000008006544                OTG_FS_IRQHandler
 .text.SystemInit
                0x0000000008006554       0x4c Src/system_stm32f4xx.o
                0x0000000008006554                SystemInit
 .text.USBH_UserProcess
                0x00000000080065a0       0x2c Src/usb_host.o
 .text.MX_USB_HOST_Init
                0x00000000080065cc       0x2c Src/usb_host.o
                0x00000000080065cc                MX_USB_HOST_Init
 .text.HAL_HCD_MspInit
                0x00000000080065f8       0x78 Src/usbh_conf.o
                0x00000000080065f8                HAL_HCD_MspInit
 .text.HAL_HCD_SOF_Callback
                0x0000000008006670        0xc Src/usbh_conf.o
                0x0000000008006670                HAL_HCD_SOF_Callback
 .text.HAL_HCD_Connect_Callback
                0x000000000800667c        0xc Src/usbh_conf.o
                0x000000000800667c                HAL_HCD_Connect_Callback
 .text.HAL_HCD_Disconnect_Callback
                0x0000000008006688        0xc Src/usbh_conf.o
                0x0000000008006688                HAL_HCD_Disconnect_Callback
 .text.HAL_HCD_HC_NotifyURBChange_Callback
                0x0000000008006694        0xc Src/usbh_conf.o
                0x0000000008006694                HAL_HCD_HC_NotifyURBChange_Callback
 .text.USBH_LL_Init
                0x00000000080066a0       0x5c Src/usbh_conf.o
                0x00000000080066a0                USBH_LL_Init
 .text.USBH_LL_Start
                0x00000000080066fc       0x1c Src/usbh_conf.o
                0x00000000080066fc                USBH_LL_Start
 .text.USBH_LL_Stop
                0x0000000008006718       0x1c Src/usbh_conf.o
                0x0000000008006718                USBH_LL_Stop
 .text.USBH_LL_GetSpeed
                0x0000000008006734       0x1c Src/usbh_conf.o
                0x0000000008006734                USBH_LL_GetSpeed
 .text.USBH_LL_ResetPort
                0x0000000008006750       0x1c Src/usbh_conf.o
                0x0000000008006750                USBH_LL_ResetPort
 .text.USBH_LL_GetLastXferSize
                0x000000000800676c        0xc Src/usbh_conf.o
                0x000000000800676c                USBH_LL_GetLastXferSize
 .text.USBH_LL_OpenPipe
                0x0000000008006778       0x32 Src/usbh_conf.o
                0x0000000008006778                USBH_LL_OpenPipe
 .text.USBH_LL_ClosePipe
                0x00000000080067aa       0x1c Src/usbh_conf.o
                0x00000000080067aa                USBH_LL_ClosePipe
 .text.USBH_LL_SubmitURB
                0x00000000080067c6       0x36 Src/usbh_conf.o
                0x00000000080067c6                USBH_LL_SubmitURB
 .text.USBH_LL_GetURBState
                0x00000000080067fc        0xc Src/usbh_conf.o
                0x00000000080067fc                USBH_LL_GetURBState
 .text.USBH_LL_DriverVBUS
                0x0000000008006808       0x1c Src/usbh_conf.o
                0x0000000008006808                USBH_LL_DriverVBUS
 .text.USBH_LL_SetToggle
                0x0000000008006824       0x32 Src/usbh_conf.o
                0x0000000008006824                USBH_LL_SetToggle
 .text.USBH_Delay
                0x0000000008006856        0x8 Src/usbh_conf.o
                0x0000000008006856                USBH_Delay
 *fill*         0x000000000800685e        0x2 
 .text.MX_DriverVbusFS
                0x0000000008006860       0x18 Src/usbh_platform.o
                0x0000000008006860                MX_DriverVbusFS
 .text.Reset_Handler
                0x0000000008006878       0x50 startup/startup_stm32f407xx.o
                0x0000000008006878                Reset_Handler
 .text.Default_Handler
                0x00000000080068c8        0x2 startup/startup_stm32f407xx.o
                0x00000000080068c8                RTC_Alarm_IRQHandler
                0x00000000080068c8                HASH_RNG_IRQHandler
                0x00000000080068c8                EXTI2_IRQHandler
                0x00000000080068c8                TIM8_CC_IRQHandler
                0x00000000080068c8                TIM1_CC_IRQHandler
                0x00000000080068c8                DMA2_Stream5_IRQHandler
                0x00000000080068c8                DMA1_Stream5_IRQHandler
                0x00000000080068c8                PVD_IRQHandler
                0x00000000080068c8                SDIO_IRQHandler
                0x00000000080068c8                TAMP_STAMP_IRQHandler
                0x00000000080068c8                CAN2_RX1_IRQHandler
                0x00000000080068c8                EXTI3_IRQHandler
                0x00000000080068c8                TIM8_TRG_COM_TIM14_IRQHandler
                0x00000000080068c8                TIM1_UP_TIM10_IRQHandler
                0x00000000080068c8                TIM8_UP_TIM13_IRQHandler
                0x00000000080068c8                I2C3_ER_IRQHandler
                0x00000000080068c8                EXTI0_IRQHandler
                0x00000000080068c8                I2C2_EV_IRQHandler
                0x00000000080068c8                DMA1_Stream2_IRQHandler
                0x00000000080068c8                CAN1_RX0_IRQHandler
                0x00000000080068c8                FPU_IRQHandler
                0x00000000080068c8                OTG_HS_WKUP_IRQHandler
                0x00000000080068c8                CAN2_SCE_IRQHandler
                0x00000000080068c8                DMA2_Stream2_IRQHandler
                0x00000000080068c8                SPI1_IRQHandler
                0x00000000080068c8                TIM6_DAC_IRQHandler
                0x00000000080068c8                TIM1_BRK_TIM9_IRQHandler
                0x00000000080068c8                DCMI_IRQHandler
                0x00000000080068c8                CAN2_RX0_IRQHandler
                0x00000000080068c8                DMA2_Stream3_IRQHandler
                0x00000000080068c8                USART6_IRQHandler
                0x00000000080068c8                USART3_IRQHandler
                0x00000000080068c8                CAN1_RX1_IRQHandler
                0x00000000080068c8                UART5_IRQHandler
                0x00000000080068c8                DMA2_Stream0_IRQHandler
                0x00000000080068c8                TIM4_IRQHandler
                0x00000000080068c8                I2C1_EV_IRQHandler
                0x00000000080068c8                DMA1_Stream6_IRQHandler
                0x00000000080068c8                DMA1_Stream1_IRQHandler
                0x00000000080068c8                UART4_IRQHandler
                0x00000000080068c8                TIM3_IRQHandler
                0x00000000080068c8                RCC_IRQHandler
                0x00000000080068c8                TIM8_BRK_TIM12_IRQHandler
                0x00000000080068c8                Default_Handler
                0x00000000080068c8                EXTI15_10_IRQHandler
                0x00000000080068c8                ADC_IRQHandler
                0x00000000080068c8                DMA1_Stream7_IRQHandler
                0x00000000080068c8                TIM7_IRQHandler
                0x00000000080068c8                CAN2_TX_IRQHandler
                0x00000000080068c8                TIM5_IRQHandler
                0x00000000080068c8                DMA2_Stream7_IRQHandler
                0x00000000080068c8                I2C3_EV_IRQHandler
                0x00000000080068c8                EXTI9_5_IRQHandler
                0x00000000080068c8                RTC_WKUP_IRQHandler
                0x00000000080068c8                ETH_WKUP_IRQHandler
                0x00000000080068c8                SPI2_IRQHandler
                0x00000000080068c8                OTG_HS_EP1_IN_IRQHandler
                0x00000000080068c8                DMA1_Stream0_IRQHandler
                0x00000000080068c8                CAN1_TX_IRQHandler
                0x00000000080068c8                EXTI4_IRQHandler
                0x00000000080068c8                FSMC_IRQHandler
                0x00000000080068c8                ETH_IRQHandler
                0x00000000080068c8                OTG_HS_EP1_OUT_IRQHandler
                0x00000000080068c8                WWDG_IRQHandler
                0x00000000080068c8                TIM2_IRQHandler
                0x00000000080068c8                OTG_FS_WKUP_IRQHandler
                0x00000000080068c8                TIM1_TRG_COM_TIM11_IRQHandler
                0x00000000080068c8                OTG_HS_IRQHandler
                0x00000000080068c8                EXTI1_IRQHandler
                0x00000000080068c8                USART2_IRQHandler
                0x00000000080068c8                I2C2_ER_IRQHandler
                0x00000000080068c8                DMA2_Stream1_IRQHandler
                0x00000000080068c8                CAN1_SCE_IRQHandler
                0x00000000080068c8                FLASH_IRQHandler
                0x00000000080068c8                DMA2_Stream4_IRQHandler
                0x00000000080068c8                USART1_IRQHandler
                0x00000000080068c8                SPI3_IRQHandler
                0x00000000080068c8                DMA1_Stream4_IRQHandler
                0x00000000080068c8                I2C1_ER_IRQHandler
                0x00000000080068c8                DMA2_Stream6_IRQHandler
                0x00000000080068c8                DMA1_Stream3_IRQHandler
 *fill*         0x00000000080068ca        0x2 
 .text.__libc_init_array
                0x00000000080068cc       0x48 /home/mango/Ac6/SystemWorkbench/plugins/fr.ac6.mcu.externaltools.arm-none.linux64_1.16.0.201807130628/tools/compiler/bin/../lib/gcc/arm-none-eabi/7.2.1/../../../../arm-none-eabi/lib/thumb/v7e-m/fpv4-sp/hard/libc_nano.a(lib_a-init.o)
                0x00000000080068cc                __libc_init_array
 .text.malloc   0x0000000008006914       0x10 /home/mango/Ac6/SystemWorkbench/plugins/fr.ac6.mcu.externaltools.arm-none.linux64_1.16.0.201807130628/tools/compiler/bin/../lib/gcc/arm-none-eabi/7.2.1/../../../../arm-none-eabi/lib/thumb/v7e-m/fpv4-sp/hard/libc_nano.a(lib_a-malloc.o)
                0x0000000008006914                malloc
 .text.free     0x0000000008006924       0x10 /home/mango/Ac6/SystemWorkbench/plugins/fr.ac6.mcu.externaltools.arm-none.linux64_1.16.0.201807130628/tools/compiler/bin/../lib/gcc/arm-none-eabi/7.2.1/../../../../arm-none-eabi/lib/thumb/v7e-m/fpv4-sp/hard/libc_nano.a(lib_a-malloc.o)
                0x0000000008006924                free
 .text.memcpy   0x0000000008006934       0x16 /home/mango/Ac6/SystemWorkbench/plugins/fr.ac6.mcu.externaltools.arm-none.linux64_1.16.0.201807130628/tools/compiler/bin/../lib/gcc/arm-none-eabi/7.2.1/../../../../arm-none-eabi/lib/thumb/v7e-m/fpv4-sp/hard/libc_nano.a(lib_a-memcpy-stub.o)
                0x0000000008006934                memcpy
 *fill*         0x000000000800694a        0x2 
 .text._free_r  0x000000000800694c       0x9c /home/mango/Ac6/SystemWorkbench/plugins/fr.ac6.mcu.externaltools.arm-none.linux64_1.16.0.201807130628/tools/compiler/bin/../lib/gcc/arm-none-eabi/7.2.1/../../../../arm-none-eabi/lib/thumb/v7e-m/fpv4-sp/hard/libc_nano.a(lib_a-nano-freer.o)
                0x000000000800694c                _free_r
 .text._malloc_r
                0x00000000080069e8       0xb4 /home/mango/Ac6/SystemWorkbench/plugins/fr.ac6.mcu.externaltools.arm-none.linux64_1.16.0.201807130628/tools/compiler/bin/../lib/gcc/arm-none-eabi/7.2.1/../../../../arm-none-eabi/lib/thumb/v7e-m/fpv4-sp/hard/libc_nano.a(lib_a-nano-mallocr.o)
                0x00000000080069e8                _malloc_r
 .text._sbrk_r  0x0000000008006a9c       0x20 /home/mango/Ac6/SystemWorkbench/plugins/fr.ac6.mcu.externaltools.arm-none.linux64_1.16.0.201807130628/tools/compiler/bin/../lib/gcc/arm-none-eabi/7.2.1/../../../../arm-none-eabi/lib/thumb/v7e-m/fpv4-sp/hard/libc_nano.a(lib_a-sbrkr.o)
                0x0000000008006a9c                _sbrk_r
 .text.__malloc_lock
                0x0000000008006abc        0x2 /home/mango/Ac6/SystemWorkbench/plugins/fr.ac6.mcu.externaltools.arm-none.linux64_1.16.0.201807130628/tools/compiler/bin/../lib/gcc/arm-none-eabi/7.2.1/../../../../arm-none-eabi/lib/thumb/v7e-m/fpv4-sp/hard/libc_nano.a(lib_a-mlock.o)
                0x0000000008006abc                __malloc_lock
 .text.__malloc_unlock
                0x0000000008006abe        0x2 /home/mango/Ac6/SystemWorkbench/plugins/fr.ac6.mcu.externaltools.arm-none.linux64_1.16.0.201807130628/tools/compiler/bin/../lib/gcc/arm-none-eabi/7.2.1/../../../../arm-none-eabi/lib/thumb/v7e-m/fpv4-sp/hard/libc_nano.a(lib_a-mlock.o)
                0x0000000008006abe                __malloc_unlock
 .text._sbrk    0x0000000008006ac0       0x1c /home/mango/Ac6/SystemWorkbench/plugins/fr.ac6.mcu.externaltools.arm-none.linux64_1.16.0.201807130628/tools/compiler/bin/../lib/gcc/arm-none-eabi/7.2.1/../../../../arm-none-eabi/lib/thumb/v7e-m/fpv4-sp/hard/libnosys.a(sbrk.o)
                0x0000000008006ac0                _sbrk
 *(.glue_7)
 .glue_7        0x0000000008006adc        0x0 linker stubs
 *(.glue_7t)
 .glue_7t       0x0000000008006adc        0x0 linker stubs
 *(.eh_frame)
 .eh_frame      0x0000000008006adc        0x0 /home/mango/Ac6/SystemWorkbench/plugins/fr.ac6.mcu.externaltools.arm-none.linux64_1.16.0.201807130628/tools/compiler/bin/../lib/gcc/arm-none-eabi/7.2.1/thumb/v7e-m/fpv4-sp/hard/crtbegin.o
 *(.init)
 .init          0x0000000008006adc        0x4 /home/mango/Ac6/SystemWorkbench/plugins/fr.ac6.mcu.externaltools.arm-none.linux64_1.16.0.201807130628/tools/compiler/bin/../lib/gcc/arm-none-eabi/7.2.1/thumb/v7e-m/fpv4-sp/hard/crti.o
                0x0000000008006adc                _init
 .init          0x0000000008006ae0        0x8 /home/mango/Ac6/SystemWorkbench/plugins/fr.ac6.mcu.externaltools.arm-none.linux64_1.16.0.201807130628/tools/compiler/bin/../lib/gcc/arm-none-eabi/7.2.1/thumb/v7e-m/fpv4-sp/hard/crtn.o
 *(.fini)
 .fini          0x0000000008006ae8        0x4 /home/mango/Ac6/SystemWorkbench/plugins/fr.ac6.mcu.externaltools.arm-none.linux64_1.16.0.201807130628/tools/compiler/bin/../lib/gcc/arm-none-eabi/7.2.1/thumb/v7e-m/fpv4-sp/hard/crti.o
                0x0000000008006ae8                _fini
 .fini          0x0000000008006aec        0x8 /home/mango/Ac6/SystemWorkbench/plugins/fr.ac6.mcu.externaltools.arm-none.linux64_1.16.0.201807130628/tools/compiler/bin/../lib/gcc/arm-none-eabi/7.2.1/thumb/v7e-m/fpv4-sp/hard/crtn.o
                0x0000000008006af4                . = ALIGN (0x4)
                0x0000000008006af4                _etext = .

.vfp11_veneer   0x0000000008006af4        0x0
 .vfp11_veneer  0x0000000008006af4        0x0 linker stubs

.v4_bx          0x0000000008006af4        0x0
 .v4_bx         0x0000000008006af4        0x0 linker stubs

.iplt           0x0000000008006af4        0x0
 .iplt          0x0000000008006af4        0x0 /home/mango/Ac6/SystemWorkbench/plugins/fr.ac6.mcu.externaltools.arm-none.linux64_1.16.0.201807130628/tools/compiler/bin/../lib/gcc/arm-none-eabi/7.2.1/thumb/v7e-m/fpv4-sp/hard/crtbegin.o

.rodata         0x0000000008006af4       0xc0
                0x0000000008006af4                . = ALIGN (0x4)
 *(.rodata)
 .rodata        0x0000000008006af4       0x1c Middlewares/ST/STM32_USB_Host_Library/Core/Src/usbh_core.o
 .rodata        0x0000000008006b10       0x30 Src/main.o
 .rodata        0x0000000008006b40       0x18 Src/system_stm32f4xx.o
                0x0000000008006b40                AHBPrescTable
                0x0000000008006b50                APBPrescTable
 *(.rodata*)
 .rodata.str1.4
                0x0000000008006b58        0x4 Middlewares/ST/STM32_USB_Host_Library/Class/CDC/Src/usbh_cdc.o
 .rodata.str1.4
                0x0000000008006b5c        0xc Middlewares/ST/STM32_USB_Host_Library/Core/Src/usbh_core.o
 .rodata.str1.4
                0x0000000008006b68        0xc Middlewares/Third_Party/FreeRTOS/Source/CMSIS_RTOS/cmsis_os.o
                                          0x1 (size before relaxing)
 .rodata.str1.4
                0x0000000008006b68        0x5 Middlewares/Third_Party/FreeRTOS/Source/tasks.o
 *fill*         0x0000000008006b6d        0x3 
 .rodata.str1.4
                0x0000000008006b70       0x10 Middlewares/Third_Party/FreeRTOS/Source/timers.o
 .rodata.str1.4
                0x0000000008006b80       0x20 Src/main.o
 .rodata.str1.4
                0x0000000008006ba0       0x14 Src/usbh_conf.o
                                         0x13 (size before relaxing)
                0x0000000008006bb4                . = ALIGN (0x4)

.ARM.extab
 *(.ARM.extab* .gnu.linkonce.armextab.*)

.ARM            0x0000000008006bb4        0x8
                0x0000000008006bb4                __exidx_start = .
 *(.ARM.exidx*)
 .ARM.exidx     0x0000000008006bb4        0x8 /home/mango/Ac6/SystemWorkbench/plugins/fr.ac6.mcu.externaltools.arm-none.linux64_1.16.0.201807130628/tools/compiler/bin/../lib/gcc/arm-none-eabi/7.2.1/thumb/v7e-m/fpv4-sp/hard/libgcc.a(_udivmoddi4.o)
                0x0000000008006bbc                __exidx_end = .

.rel.dyn        0x0000000008006bbc        0x0
 .rel.iplt      0x0000000008006bbc        0x0 /home/mango/Ac6/SystemWorkbench/plugins/fr.ac6.mcu.externaltools.arm-none.linux64_1.16.0.201807130628/tools/compiler/bin/../lib/gcc/arm-none-eabi/7.2.1/thumb/v7e-m/fpv4-sp/hard/crtbegin.o

.preinit_array  0x0000000008006bbc        0x0
                0x0000000008006bbc                PROVIDE (__preinit_array_start, .)
 *(.preinit_array*)
                0x0000000008006bbc                PROVIDE (__preinit_array_end, .)

.init_array     0x0000000008006bbc        0x4
                0x0000000008006bbc                PROVIDE (__init_array_start, .)
 *(SORT_BY_NAME(.init_array.*))
 *(.init_array*)
 .init_array    0x0000000008006bbc        0x4 /home/mango/Ac6/SystemWorkbench/plugins/fr.ac6.mcu.externaltools.arm-none.linux64_1.16.0.201807130628/tools/compiler/bin/../lib/gcc/arm-none-eabi/7.2.1/thumb/v7e-m/fpv4-sp/hard/crtbegin.o
                0x0000000008006bc0                PROVIDE (__init_array_end, .)

.fini_array     0x0000000008006bc0        0x4
                [!provide]                        PROVIDE (__fini_array_start, .)
 *(SORT_BY_NAME(.fini_array.*))
 *(.fini_array*)
 .fini_array    0x0000000008006bc0        0x4 /home/mango/Ac6/SystemWorkbench/plugins/fr.ac6.mcu.externaltools.arm-none.linux64_1.16.0.201807130628/tools/compiler/bin/../lib/gcc/arm-none-eabi/7.2.1/thumb/v7e-m/fpv4-sp/hard/crtbegin.o
                [!provide]                        PROVIDE (__fini_array_end, .)
                0x0000000008006bc4                _sidata = LOADADDR (.data)

.data           0x0000000020000000       0xa4 load address 0x0000000008006bc4
                0x0000000020000000                . = ALIGN (0x4)
                0x0000000020000000                _sdata = .
 *(.data)
 .data          0x0000000020000000        0x8 Drivers/STM32F4xx_HAL_Driver/Src/stm32f4xx_hal.o
                0x0000000020000000                uwTickFreq
                0x0000000020000004                uwTickPrio
 .data          0x0000000020000008       0x20 Middlewares/ST/STM32_USB_Host_Library/Class/CDC/Src/usbh_cdc.o
                0x0000000020000008                CDC_Class
 .data          0x0000000020000028        0x4 Middlewares/Third_Party/FreeRTOS/Source/portable/GCC/ARM_CM4F/port.o
 .data          0x000000002000002c       0x10 Src/main.o
                0x000000002000002c                led_delay
 .data          0x000000002000003c        0x4 Src/system_stm32f4xx.o
                0x000000002000003c                SystemCoreClock
 *(.data*)
 .data._impure_ptr
                0x0000000020000040        0x4 /home/mango/Ac6/SystemWorkbench/plugins/fr.ac6.mcu.externaltools.arm-none.linux64_1.16.0.201807130628/tools/compiler/bin/../lib/gcc/arm-none-eabi/7.2.1/../../../../arm-none-eabi/lib/thumb/v7e-m/fpv4-sp/hard/libc_nano.a(lib_a-impure.o)
                0x0000000020000040                _impure_ptr
 .data.impure_data
                0x0000000020000044       0x60 /home/mango/Ac6/SystemWorkbench/plugins/fr.ac6.mcu.externaltools.arm-none.linux64_1.16.0.201807130628/tools/compiler/bin/../lib/gcc/arm-none-eabi/7.2.1/../../../../arm-none-eabi/lib/thumb/v7e-m/fpv4-sp/hard/libc_nano.a(lib_a-impure.o)
                0x00000000200000a4                . = ALIGN (0x4)
                0x00000000200000a4                _edata = .
                0x0000000008006c68                _siccmram = LOADADDR (.ccmram)

.igot.plt       0x00000000200000a4        0x0 load address 0x0000000008006c68
 .igot.plt      0x00000000200000a4        0x0 /home/mango/Ac6/SystemWorkbench/plugins/fr.ac6.mcu.externaltools.arm-none.linux64_1.16.0.201807130628/tools/compiler/bin/../lib/gcc/arm-none-eabi/7.2.1/thumb/v7e-m/fpv4-sp/hard/crtbegin.o

.ccmram         0x0000000010000000        0x0 load address 0x0000000008006c68
                0x0000000010000000                . = ALIGN (0x4)
                0x0000000010000000                _sccmram = .
 *(.ccmram)
 *(.ccmram*)
                0x0000000010000000                . = ALIGN (0x4)
                0x0000000010000000                _eccmram = .
                0x0000000010000000                . = ALIGN (0x4)

.bss            0x00000000200000a4     0x45b4
                0x00000000200000a4                _sbss = .
                0x00000000200000a4                __bss_start__ = _sbss
 *(.bss)
 .bss           0x00000000200000a4       0x1c /home/mango/Ac6/SystemWorkbench/plugins/fr.ac6.mcu.externaltools.arm-none.linux64_1.16.0.201807130628/tools/compiler/bin/../lib/gcc/arm-none-eabi/7.2.1/thumb/v7e-m/fpv4-sp/hard/crtbegin.o
 .bss           0x00000000200000c0      0x12c Middlewares/Third_Party/FreeRTOS/Source/tasks.o
                0x00000000200001c0                pxCurrentTCB
 .bss           0x00000000200001ec       0x3c Middlewares/Third_Party/FreeRTOS/Source/timers.o
 .bss           0x0000000020000228        0x8 Middlewares/Third_Party/FreeRTOS/Source/portable/GCC/ARM_CM4F/port.o
 .bss           0x0000000020000230     0x3c18 Middlewares/Third_Party/FreeRTOS/Source/portable/MemMang/heap_4.o
 .bss           0x0000000020003e48       0x10 Src/main.o
                0x0000000020003e48                led_time
 .bss           0x0000000020003e58        0x1 Src/usb_host.o
                0x0000000020003e58                Appli_state
 *(.bss*)
 *fill*         0x0000000020003e59        0x3 
 .bss.__malloc_free_list
                0x0000000020003e5c        0x4 /home/mango/Ac6/SystemWorkbench/plugins/fr.ac6.mcu.externaltools.arm-none.linux64_1.16.0.201807130628/tools/compiler/bin/../lib/gcc/arm-none-eabi/7.2.1/../../../../arm-none-eabi/lib/thumb/v7e-m/fpv4-sp/hard/libc_nano.a(lib_a-nano-mallocr.o)
                0x0000000020003e5c                __malloc_free_list
 .bss.__malloc_sbrk_start
                0x0000000020003e60        0x4 /home/mango/Ac6/SystemWorkbench/plugins/fr.ac6.mcu.externaltools.arm-none.linux64_1.16.0.201807130628/tools/compiler/bin/../lib/gcc/arm-none-eabi/7.2.1/../../../../arm-none-eabi/lib/thumb/v7e-m/fpv4-sp/hard/libc_nano.a(lib_a-nano-mallocr.o)
                0x0000000020003e60                __malloc_sbrk_start
 .bss.heap_end.5377
                0x0000000020003e64        0x4 /home/mango/Ac6/SystemWorkbench/plugins/fr.ac6.mcu.externaltools.arm-none.linux64_1.16.0.201807130628/tools/compiler/bin/../lib/gcc/arm-none-eabi/7.2.1/../../../../arm-none-eabi/lib/thumb/v7e-m/fpv4-sp/hard/libnosys.a(sbrk.o)
 *(COMMON)
 COMMON         0x0000000020003e68        0x4 Drivers/STM32F4xx_HAL_Driver/Src/stm32f4xx_hal.o
                0x0000000020003e68                uwTick
 COMMON         0x0000000020003e6c       0x40 Middlewares/Third_Party/FreeRTOS/Source/queue.o
                0x0000000020003e6c                xQueueRegistry
 COMMON         0x0000000020003eac      0x140 Src/main.o
                0x0000000020003eac                defaultTaskHandle
                0x0000000020003eb0                hi2c1
                0x0000000020003f04                ledTimerHandle
                0x0000000020003f08                hspi1
                0x0000000020003f60                myQueue01Handle
                0x0000000020003f64                huart2
                0x0000000020003fa4                hi2s3
 COMMON         0x0000000020003fec      0x3d0 Src/usb_host.o
                0x0000000020003fec                hUsbHostFS
 COMMON         0x00000000200043bc      0x298 Src/usbh_conf.o
                0x00000000200043bc                hhcd_USB_OTG_FS
 COMMON         0x0000000020004654        0x4 /home/mango/Ac6/SystemWorkbench/plugins/fr.ac6.mcu.externaltools.arm-none.linux64_1.16.0.201807130628/tools/compiler/bin/../lib/gcc/arm-none-eabi/7.2.1/../../../../arm-none-eabi/lib/thumb/v7e-m/fpv4-sp/hard/libc_nano.a(lib_a-reent.o)
                0x0000000020004654                errno
                0x0000000020004658                . = ALIGN (0x4)
                0x0000000020004658                _ebss = .
                0x0000000020004658                __bss_end__ = _ebss

._user_heap_stack
                0x0000000020004658      0x600
                0x0000000020004658                . = ALIGN (0x8)
                0x0000000020004658                PROVIDE (end, .)
                [!provide]                        PROVIDE (_end, .)
                0x0000000020004858                . = (. + _Min_Heap_Size)
 *fill*         0x0000000020004658      0x200 
                0x0000000020004c58                . = (. + _Min_Stack_Size)
 *fill*         0x0000000020004858      0x400 
                0x0000000020004c58                . = ALIGN (0x8)

/DISCARD/
 libc.a(*)
 libm.a(*)
 libgcc.a(*)

.ARM.attributes
                0x0000000000000000       0x30
 *(.ARM.attributes)
 .ARM.attributes
                0x0000000000000000       0x22 /home/mango/Ac6/SystemWorkbench/plugins/fr.ac6.mcu.externaltools.arm-none.linux64_1.16.0.201807130628/tools/compiler/bin/../lib/gcc/arm-none-eabi/7.2.1/thumb/v7e-m/fpv4-sp/hard/crti.o
 .ARM.attributes
                0x0000000000000022       0x34 /home/mango/Ac6/SystemWorkbench/plugins/fr.ac6.mcu.externaltools.arm-none.linux64_1.16.0.201807130628/tools/compiler/bin/../lib/gcc/arm-none-eabi/7.2.1/thumb/v7e-m/fpv4-sp/hard/crtbegin.o
 .ARM.attributes
                0x0000000000000056       0x39 Drivers/STM32F4xx_HAL_Driver/Src/stm32f4xx_hal.o
 .ARM.attributes
                0x000000000000008f       0x39 Drivers/STM32F4xx_HAL_Driver/Src/stm32f4xx_hal_cortex.o
 .ARM.attributes
                0x00000000000000c8       0x39 Drivers/STM32F4xx_HAL_Driver/Src/stm32f4xx_hal_gpio.o
 .ARM.attributes
                0x0000000000000101       0x39 Drivers/STM32F4xx_HAL_Driver/Src/stm32f4xx_hal_hcd.o
 .ARM.attributes
                0x000000000000013a       0x39 Drivers/STM32F4xx_HAL_Driver/Src/stm32f4xx_hal_i2c.o
 .ARM.attributes
                0x0000000000000173       0x39 Drivers/STM32F4xx_HAL_Driver/Src/stm32f4xx_hal_i2s.o
 .ARM.attributes
                0x00000000000001ac       0x39 Drivers/STM32F4xx_HAL_Driver/Src/stm32f4xx_hal_i2s_ex.o
 .ARM.attributes
                0x00000000000001e5       0x39 Drivers/STM32F4xx_HAL_Driver/Src/stm32f4xx_hal_rcc.o
 .ARM.attributes
                0x000000000000021e       0x39 Drivers/STM32F4xx_HAL_Driver/Src/stm32f4xx_hal_rcc_ex.o
 .ARM.attributes
                0x0000000000000257       0x39 Drivers/STM32F4xx_HAL_Driver/Src/stm32f4xx_hal_spi.o
 .ARM.attributes
                0x0000000000000290       0x39 Drivers/STM32F4xx_HAL_Driver/Src/stm32f4xx_hal_uart.o
 .ARM.attributes
                0x00000000000002c9       0x39 Drivers/STM32F4xx_HAL_Driver/Src/stm32f4xx_ll_usb.o
 .ARM.attributes
                0x0000000000000302       0x39 Middlewares/ST/STM32_USB_Host_Library/Class/CDC/Src/usbh_cdc.o
 .ARM.attributes
                0x000000000000033b       0x39 Middlewares/ST/STM32_USB_Host_Library/Core/Src/usbh_core.o
 .ARM.attributes
                0x0000000000000374       0x39 Middlewares/ST/STM32_USB_Host_Library/Core/Src/usbh_ctlreq.o
 .ARM.attributes
                0x00000000000003ad       0x39 Middlewares/ST/STM32_USB_Host_Library/Core/Src/usbh_ioreq.o
 .ARM.attributes
                0x00000000000003e6       0x39 Middlewares/ST/STM32_USB_Host_Library/Core/Src/usbh_pipes.o
 .ARM.attributes
                0x000000000000041f       0x39 Middlewares/Third_Party/FreeRTOS/Source/CMSIS_RTOS/cmsis_os.o
 .ARM.attributes
                0x0000000000000458       0x39 Middlewares/Third_Party/FreeRTOS/Source/list.o
 .ARM.attributes
                0x0000000000000491       0x39 Middlewares/Third_Party/FreeRTOS/Source/queue.o
 .ARM.attributes
                0x00000000000004ca       0x39 Middlewares/Third_Party/FreeRTOS/Source/tasks.o
 .ARM.attributes
                0x0000000000000503       0x39 Middlewares/Third_Party/FreeRTOS/Source/timers.o
 .ARM.attributes
                0x000000000000053c       0x39 Middlewares/Third_Party/FreeRTOS/Source/portable/GCC/ARM_CM4F/port.o
 .ARM.attributes
                0x0000000000000575       0x39 Middlewares/Third_Party/FreeRTOS/Source/portable/MemMang/heap_4.o
 .ARM.attributes
                0x00000000000005ae       0x39 Src/main.o
 .ARM.attributes
                0x00000000000005e7       0x39 Src/stm32f4xx_hal_msp.o
 .ARM.attributes
                0x0000000000000620       0x39 Src/stm32f4xx_it.o
 .ARM.attributes
                0x0000000000000659       0x39 Src/system_stm32f4xx.o
 .ARM.attributes
                0x0000000000000692       0x39 Src/usb_host.o
 .ARM.attributes
                0x00000000000006cb       0x39 Src/usbh_conf.o
 .ARM.attributes
                0x0000000000000704       0x39 Src/usbh_platform.o
 .ARM.attributes
                0x000000000000073d       0x21 startup/startup_stm32f407xx.o
 .ARM.attributes
                0x000000000000075e       0x22 /home/mango/Ac6/SystemWorkbench/plugins/fr.ac6.mcu.externaltools.arm-none.linux64_1.16.0.201807130628/tools/compiler/bin/../lib/gcc/arm-none-eabi/7.2.1/thumb/v7e-m/fpv4-sp/hard/libgcc.a(_aeabi_uldivmod.o)
 .ARM.attributes
                0x0000000000000780       0x34 /home/mango/Ac6/SystemWorkbench/plugins/fr.ac6.mcu.externaltools.arm-none.linux64_1.16.0.201807130628/tools/compiler/bin/../lib/gcc/arm-none-eabi/7.2.1/thumb/v7e-m/fpv4-sp/hard/libgcc.a(_udivmoddi4.o)
 .ARM.attributes
                0x00000000000007b4       0x22 /home/mango/Ac6/SystemWorkbench/plugins/fr.ac6.mcu.externaltools.arm-none.linux64_1.16.0.201807130628/tools/compiler/bin/../lib/gcc/arm-none-eabi/7.2.1/thumb/v7e-m/fpv4-sp/hard/libgcc.a(_dvmd_tls.o)
 .ARM.attributes
                0x00000000000007d6       0x34 /home/mango/Ac6/SystemWorkbench/plugins/fr.ac6.mcu.externaltools.arm-none.linux64_1.16.0.201807130628/tools/compiler/bin/../lib/gcc/arm-none-eabi/7.2.1/../../../../arm-none-eabi/lib/thumb/v7e-m/fpv4-sp/hard/libc_nano.a(lib_a-impure.o)
 .ARM.attributes
                0x000000000000080a       0x34 /home/mango/Ac6/SystemWorkbench/plugins/fr.ac6.mcu.externaltools.arm-none.linux64_1.16.0.201807130628/tools/compiler/bin/../lib/gcc/arm-none-eabi/7.2.1/../../../../arm-none-eabi/lib/thumb/v7e-m/fpv4-sp/hard/libc_nano.a(lib_a-init.o)
 .ARM.attributes
                0x000000000000083e       0x34 /home/mango/Ac6/SystemWorkbench/plugins/fr.ac6.mcu.externaltools.arm-none.linux64_1.16.0.201807130628/tools/compiler/bin/../lib/gcc/arm-none-eabi/7.2.1/../../../../arm-none-eabi/lib/thumb/v7e-m/fpv4-sp/hard/libc_nano.a(lib_a-malloc.o)
 .ARM.attributes
                0x0000000000000872       0x34 /home/mango/Ac6/SystemWorkbench/plugins/fr.ac6.mcu.externaltools.arm-none.linux64_1.16.0.201807130628/tools/compiler/bin/../lib/gcc/arm-none-eabi/7.2.1/../../../../arm-none-eabi/lib/thumb/v7e-m/fpv4-sp/hard/libc_nano.a(lib_a-memcpy-stub.o)
 .ARM.attributes
                0x00000000000008a6       0x34 /home/mango/Ac6/SystemWorkbench/plugins/fr.ac6.mcu.externaltools.arm-none.linux64_1.16.0.201807130628/tools/compiler/bin/../lib/gcc/arm-none-eabi/7.2.1/../../../../arm-none-eabi/lib/thumb/v7e-m/fpv4-sp/hard/libc_nano.a(lib_a-nano-freer.o)
 .ARM.attributes
                0x00000000000008da       0x34 /home/mango/Ac6/SystemWorkbench/plugins/fr.ac6.mcu.externaltools.arm-none.linux64_1.16.0.201807130628/tools/compiler/bin/../lib/gcc/arm-none-eabi/7.2.1/../../../../arm-none-eabi/lib/thumb/v7e-m/fpv4-sp/hard/libc_nano.a(lib_a-nano-mallocr.o)
 .ARM.attributes
                0x000000000000090e       0x34 /home/mango/Ac6/SystemWorkbench/plugins/fr.ac6.mcu.externaltools.arm-none.linux64_1.16.0.201807130628/tools/compiler/bin/../lib/gcc/arm-none-eabi/7.2.1/../../../../arm-none-eabi/lib/thumb/v7e-m/fpv4-sp/hard/libc_nano.a(lib_a-sbrkr.o)
 .ARM.attributes
                0x0000000000000942       0x34 /home/mango/Ac6/SystemWorkbench/plugins/fr.ac6.mcu.externaltools.arm-none.linux64_1.16.0.201807130628/tools/compiler/bin/../lib/gcc/arm-none-eabi/7.2.1/../../../../arm-none-eabi/lib/thumb/v7e-m/fpv4-sp/hard/libc_nano.a(lib_a-mlock.o)
 .ARM.attributes
                0x0000000000000976       0x34 /home/mango/Ac6/SystemWorkbench/plugins/fr.ac6.mcu.externaltools.arm-none.linux64_1.16.0.201807130628/tools/compiler/bin/../lib/gcc/arm-none-eabi/7.2.1/../../../../arm-none-eabi/lib/thumb/v7e-m/fpv4-sp/hard/libc_nano.a(lib_a-reent.o)
 .ARM.attributes
                0x00000000000009aa       0x34 /home/mango/Ac6/SystemWorkbench/plugins/fr.ac6.mcu.externaltools.arm-none.linux64_1.16.0.201807130628/tools/compiler/bin/../lib/gcc/arm-none-eabi/7.2.1/../../../../arm-none-eabi/lib/thumb/v7e-m/fpv4-sp/hard/libnosys.a(sbrk.o)
 .ARM.attributes
                0x00000000000009de       0x22 /home/mango/Ac6/SystemWorkbench/plugins/fr.ac6.mcu.externaltools.arm-none.linux64_1.16.0.201807130628/tools/compiler/bin/../lib/gcc/arm-none-eabi/7.2.1/thumb/v7e-m/fpv4-sp/hard/crtn.o
OUTPUT(Lab8.elf elf32-littlearm)

.debug_info     0x0000000000000000    0x2ff07
 .debug_info    0x0000000000000000     0x11d9 Drivers/STM32F4xx_HAL_Driver/Src/stm32f4xx_hal.o
 .debug_info    0x00000000000011d9     0x1755 Drivers/STM32F4xx_HAL_Driver/Src/stm32f4xx_hal_cortex.o
 .debug_info    0x000000000000292e      0xf93 Drivers/STM32F4xx_HAL_Driver/Src/stm32f4xx_hal_gpio.o
 .debug_info    0x00000000000038c1     0x197e Drivers/STM32F4xx_HAL_Driver/Src/stm32f4xx_hal_hcd.o
 .debug_info    0x000000000000523f     0x36da Drivers/STM32F4xx_HAL_Driver/Src/stm32f4xx_hal_i2c.o
 .debug_info    0x0000000000008919     0x17ef Drivers/STM32F4xx_HAL_Driver/Src/stm32f4xx_hal_i2s.o
 .debug_info    0x000000000000a108     0x15fa Drivers/STM32F4xx_HAL_Driver/Src/stm32f4xx_hal_i2s_ex.o
 .debug_info    0x000000000000b702     0x125b Drivers/STM32F4xx_HAL_Driver/Src/stm32f4xx_hal_rcc.o
 .debug_info    0x000000000000c95d      0xe8b Drivers/STM32F4xx_HAL_Driver/Src/stm32f4xx_hal_rcc_ex.o
 .debug_info    0x000000000000d7e8     0x2207 Drivers/STM32F4xx_HAL_Driver/Src/stm32f4xx_hal_spi.o
 .debug_info    0x000000000000f9ef     0x1f1a Drivers/STM32F4xx_HAL_Driver/Src/stm32f4xx_hal_uart.o
 .debug_info    0x0000000000011909     0x1f18 Drivers/STM32F4xx_HAL_Driver/Src/stm32f4xx_ll_usb.o
 .debug_info    0x0000000000013821     0x1f33 Middlewares/ST/STM32_USB_Host_Library/Class/CDC/Src/usbh_cdc.o
 .debug_info    0x0000000000015754     0x1f7d Middlewares/ST/STM32_USB_Host_Library/Core/Src/usbh_core.o
 .debug_info    0x00000000000176d1     0x1be7 Middlewares/ST/STM32_USB_Host_Library/Core/Src/usbh_ctlreq.o
 .debug_info    0x00000000000192b8     0x1699 Middlewares/ST/STM32_USB_Host_Library/Core/Src/usbh_ioreq.o
 .debug_info    0x000000000001a951     0x1341 Middlewares/ST/STM32_USB_Host_Library/Core/Src/usbh_pipes.o
 .debug_info    0x000000000001bc92     0x2466 Middlewares/Third_Party/FreeRTOS/Source/CMSIS_RTOS/cmsis_os.o
 .debug_info    0x000000000001e0f8      0xacd Middlewares/Third_Party/FreeRTOS/Source/list.o
 .debug_info    0x000000000001ebc5     0x2027 Middlewares/Third_Party/FreeRTOS/Source/queue.o
 .debug_info    0x0000000000020bec     0x29b4 Middlewares/Third_Party/FreeRTOS/Source/tasks.o
 .debug_info    0x00000000000235a0     0x1872 Middlewares/Third_Party/FreeRTOS/Source/timers.o
 .debug_info    0x0000000000024e12      0x532 Middlewares/Third_Party/FreeRTOS/Source/portable/GCC/ARM_CM4F/port.o
 .debug_info    0x0000000000025344      0xc71 Middlewares/Third_Party/FreeRTOS/Source/portable/MemMang/heap_4.o
 .debug_info    0x0000000000025fb5     0x2527 Src/main.o
 .debug_info    0x00000000000284dc     0x1d22 Src/stm32f4xx_hal_msp.o
 .debug_info    0x000000000002a1fe      0xe9a Src/stm32f4xx_it.o
 .debug_info    0x000000000002b098      0xd29 Src/system_stm32f4xx.o
 .debug_info    0x000000000002bdc1     0x127c Src/usb_host.o
 .debug_info    0x000000000002d03d     0x2435 Src/usbh_conf.o
 .debug_info    0x000000000002f472      0xa73 Src/usbh_platform.o
 .debug_info    0x000000000002fee5       0x22 startup/startup_stm32f407xx.o

.debug_abbrev   0x0000000000000000     0x5c57
 .debug_abbrev  0x0000000000000000      0x2e5 Drivers/STM32F4xx_HAL_Driver/Src/stm32f4xx_hal.o
 .debug_abbrev  0x00000000000002e5      0x3d6 Drivers/STM32F4xx_HAL_Driver/Src/stm32f4xx_hal_cortex.o
 .debug_abbrev  0x00000000000006bb      0x2a7 Drivers/STM32F4xx_HAL_Driver/Src/stm32f4xx_hal_gpio.o
 .debug_abbrev  0x0000000000000962      0x30d Drivers/STM32F4xx_HAL_Driver/Src/stm32f4xx_hal_hcd.o
 .debug_abbrev  0x0000000000000c6f      0x2fb Drivers/STM32F4xx_HAL_Driver/Src/stm32f4xx_hal_i2c.o
 .debug_abbrev  0x0000000000000f6a      0x32c Drivers/STM32F4xx_HAL_Driver/Src/stm32f4xx_hal_i2s.o
 .debug_abbrev  0x0000000000001296      0x31d Drivers/STM32F4xx_HAL_Driver/Src/stm32f4xx_hal_i2s_ex.o
 .debug_abbrev  0x00000000000015b3      0x333 Drivers/STM32F4xx_HAL_Driver/Src/stm32f4xx_hal_rcc.o
 .debug_abbrev  0x00000000000018e6      0x27b Drivers/STM32F4xx_HAL_Driver/Src/stm32f4xx_hal_rcc_ex.o
 .debug_abbrev  0x0000000000001b61      0x2f2 Drivers/STM32F4xx_HAL_Driver/Src/stm32f4xx_hal_spi.o
 .debug_abbrev  0x0000000000001e53      0x344 Drivers/STM32F4xx_HAL_Driver/Src/stm32f4xx_hal_uart.o
 .debug_abbrev  0x0000000000002197      0x306 Drivers/STM32F4xx_HAL_Driver/Src/stm32f4xx_ll_usb.o
 .debug_abbrev  0x000000000000249d      0x357 Middlewares/ST/STM32_USB_Host_Library/Class/CDC/Src/usbh_cdc.o
 .debug_abbrev  0x00000000000027f4      0x3ef Middlewares/ST/STM32_USB_Host_Library/Core/Src/usbh_core.o
 .debug_abbrev  0x0000000000002be3      0x36e Middlewares/ST/STM32_USB_Host_Library/Core/Src/usbh_ctlreq.o
 .debug_abbrev  0x0000000000002f51      0x281 Middlewares/ST/STM32_USB_Host_Library/Core/Src/usbh_ioreq.o
 .debug_abbrev  0x00000000000031d2      0x2bb Middlewares/ST/STM32_USB_Host_Library/Core/Src/usbh_pipes.o
 .debug_abbrev  0x000000000000348d      0x3d4 Middlewares/Third_Party/FreeRTOS/Source/CMSIS_RTOS/cmsis_os.o
 .debug_abbrev  0x0000000000003861      0x21c Middlewares/Third_Party/FreeRTOS/Source/list.o
 .debug_abbrev  0x0000000000003a7d      0x385 Middlewares/Third_Party/FreeRTOS/Source/queue.o
 .debug_abbrev  0x0000000000003e02      0x3cf Middlewares/Third_Party/FreeRTOS/Source/tasks.o
 .debug_abbrev  0x00000000000041d1      0x2ef Middlewares/Third_Party/FreeRTOS/Source/timers.o
 .debug_abbrev  0x00000000000044c0      0x216 Middlewares/Third_Party/FreeRTOS/Source/portable/GCC/ARM_CM4F/port.o
 .debug_abbrev  0x00000000000046d6      0x318 Middlewares/Third_Party/FreeRTOS/Source/portable/MemMang/heap_4.o
 .debug_abbrev  0x00000000000049ee      0x344 Src/main.o
 .debug_abbrev  0x0000000000004d32      0x28c Src/stm32f4xx_hal_msp.o
 .debug_abbrev  0x0000000000004fbe      0x23b Src/stm32f4xx_it.o
 .debug_abbrev  0x00000000000051f9      0x205 Src/system_stm32f4xx.o
 .debug_abbrev  0x00000000000053fe      0x2aa Src/usb_host.o
 .debug_abbrev  0x00000000000056a8      0x37b Src/usbh_conf.o
 .debug_abbrev  0x0000000000005a23      0x222 Src/usbh_platform.o
 .debug_abbrev  0x0000000000005c45       0x12 startup/startup_stm32f407xx.o

.debug_loc      0x0000000000000000    0x11b2c
 .debug_loc     0x0000000000000000       0xfd Drivers/STM32F4xx_HAL_Driver/Src/stm32f4xx_hal.o
 .debug_loc     0x00000000000000fd      0x5ce Drivers/STM32F4xx_HAL_Driver/Src/stm32f4xx_hal_cortex.o
 .debug_loc     0x00000000000006cb      0x469 Drivers/STM32F4xx_HAL_Driver/Src/stm32f4xx_hal_gpio.o
 .debug_loc     0x0000000000000b34      0xb56 Drivers/STM32F4xx_HAL_Driver/Src/stm32f4xx_hal_hcd.o
 .debug_loc     0x000000000000168a     0x3145 Drivers/STM32F4xx_HAL_Driver/Src/stm32f4xx_hal_i2c.o
 .debug_loc     0x00000000000047cf      0xed1 Drivers/STM32F4xx_HAL_Driver/Src/stm32f4xx_hal_i2s.o
 .debug_loc     0x00000000000056a0      0xbb5 Drivers/STM32F4xx_HAL_Driver/Src/stm32f4xx_hal_i2s_ex.o
 .debug_loc     0x0000000000006255      0x3f1 Drivers/STM32F4xx_HAL_Driver/Src/stm32f4xx_hal_rcc.o
 .debug_loc     0x0000000000006646      0x2c7 Drivers/STM32F4xx_HAL_Driver/Src/stm32f4xx_hal_rcc_ex.o
 .debug_loc     0x000000000000690d     0x1937 Drivers/STM32F4xx_HAL_Driver/Src/stm32f4xx_hal_spi.o
 .debug_loc     0x0000000000008244     0x158b Drivers/STM32F4xx_HAL_Driver/Src/stm32f4xx_hal_uart.o
 .debug_loc     0x00000000000097cf     0x1548 Drivers/STM32F4xx_HAL_Driver/Src/stm32f4xx_ll_usb.o
 .debug_loc     0x000000000000ad17      0x756 Middlewares/ST/STM32_USB_Host_Library/Class/CDC/Src/usbh_cdc.o
 .debug_loc     0x000000000000b46d      0x857 Middlewares/ST/STM32_USB_Host_Library/Core/Src/usbh_core.o
 .debug_loc     0x000000000000bcc4      0xbd7 Middlewares/ST/STM32_USB_Host_Library/Core/Src/usbh_ctlreq.o
 .debug_loc     0x000000000000c89b      0x50f Middlewares/ST/STM32_USB_Host_Library/Core/Src/usbh_ioreq.o
 .debug_loc     0x000000000000cdaa      0x1cc Middlewares/ST/STM32_USB_Host_Library/Core/Src/usbh_pipes.o
 .debug_loc     0x000000000000cf76      0xfbd Middlewares/Third_Party/FreeRTOS/Source/CMSIS_RTOS/cmsis_os.o
 .debug_loc     0x000000000000df33       0x70 Middlewares/Third_Party/FreeRTOS/Source/list.o
 .debug_loc     0x000000000000dfa3      0xe3b Middlewares/Third_Party/FreeRTOS/Source/queue.o
 .debug_loc     0x000000000000edde     0x1265 Middlewares/Third_Party/FreeRTOS/Source/tasks.o
 .debug_loc     0x0000000000010043      0x99e Middlewares/Third_Party/FreeRTOS/Source/timers.o
 .debug_loc     0x00000000000109e1       0xdc Middlewares/Third_Party/FreeRTOS/Source/portable/GCC/ARM_CM4F/port.o
 .debug_loc     0x0000000000010abd      0x291 Middlewares/Third_Party/FreeRTOS/Source/portable/MemMang/heap_4.o
 .debug_loc     0x0000000000010d4e      0x128 Src/main.o
 .debug_loc     0x0000000000010e76      0x16c Src/stm32f4xx_hal_msp.o
 .debug_loc     0x0000000000010fe2      0x13e Src/system_stm32f4xx.o
 .debug_loc     0x0000000000011120      0x9b7 Src/usbh_conf.o
 .debug_loc     0x0000000000011ad7       0x55 Src/usbh_platform.o

.debug_aranges  0x0000000000000000     0x17d0
 .debug_aranges
                0x0000000000000000       0xe0 Drivers/STM32F4xx_HAL_Driver/Src/stm32f4xx_hal.o
 .debug_aranges
                0x00000000000000e0       0xa8 Drivers/STM32F4xx_HAL_Driver/Src/stm32f4xx_hal_cortex.o
 .debug_aranges
                0x0000000000000188       0x58 Drivers/STM32F4xx_HAL_Driver/Src/stm32f4xx_hal_gpio.o
 .debug_aranges
                0x00000000000001e0       0xe0 Drivers/STM32F4xx_HAL_Driver/Src/stm32f4xx_hal_hcd.o
 .debug_aranges
                0x00000000000002c0      0x268 Drivers/STM32F4xx_HAL_Driver/Src/stm32f4xx_hal_i2c.o
 .debug_aranges
                0x0000000000000528      0x108 Drivers/STM32F4xx_HAL_Driver/Src/stm32f4xx_hal_i2s.o
 .debug_aranges
                0x0000000000000630       0x78 Drivers/STM32F4xx_HAL_Driver/Src/stm32f4xx_hal_i2s_ex.o
 .debug_aranges
                0x00000000000006a8       0x88 Drivers/STM32F4xx_HAL_Driver/Src/stm32f4xx_hal_rcc.o
 .debug_aranges
                0x0000000000000730       0x48 Drivers/STM32F4xx_HAL_Driver/Src/stm32f4xx_hal_rcc_ex.o
 .debug_aranges
                0x0000000000000778      0x1c8 Drivers/STM32F4xx_HAL_Driver/Src/stm32f4xx_hal_spi.o
 .debug_aranges
                0x0000000000000940      0x1d0 Drivers/STM32F4xx_HAL_Driver/Src/stm32f4xx_hal_uart.o
 .debug_aranges
                0x0000000000000b10      0x180 Drivers/STM32F4xx_HAL_Driver/Src/stm32f4xx_ll_usb.o
 .debug_aranges
                0x0000000000000c90       0xa8 Middlewares/ST/STM32_USB_Host_Library/Class/CDC/Src/usbh_cdc.o
 .debug_aranges
                0x0000000000000d38       0xb8 Middlewares/ST/STM32_USB_Host_Library/Core/Src/usbh_core.o
 .debug_aranges
                0x0000000000000df0       0x98 Middlewares/ST/STM32_USB_Host_Library/Core/Src/usbh_ctlreq.o
 .debug_aranges
                0x0000000000000e88       0x60 Middlewares/ST/STM32_USB_Host_Library/Core/Src/usbh_ioreq.o
 .debug_aranges
                0x0000000000000ee8       0x40 Middlewares/ST/STM32_USB_Host_Library/Core/Src/usbh_pipes.o
 .debug_aranges
                0x0000000000000f28      0x1d8 Middlewares/Third_Party/FreeRTOS/Source/CMSIS_RTOS/cmsis_os.o
 .debug_aranges
                0x0000000000001100       0x40 Middlewares/Third_Party/FreeRTOS/Source/list.o
 .debug_aranges
                0x0000000000001140       0xe8 Middlewares/Third_Party/FreeRTOS/Source/queue.o
 .debug_aranges
                0x0000000000001228      0x198 Middlewares/Third_Party/FreeRTOS/Source/tasks.o
 .debug_aranges
                0x00000000000013c0       0xb8 Middlewares/Third_Party/FreeRTOS/Source/timers.o
 .debug_aranges
                0x0000000000001478       0x80 Middlewares/Third_Party/FreeRTOS/Source/portable/GCC/ARM_CM4F/port.o
 .debug_aranges
                0x00000000000014f8       0x50 Middlewares/Third_Party/FreeRTOS/Source/portable/MemMang/heap_4.o
 .debug_aranges
                0x0000000000001548       0x78 Src/main.o
 .debug_aranges
                0x00000000000015c0       0x60 Src/stm32f4xx_hal_msp.o
 .debug_aranges
                0x0000000000001620       0x58 Src/stm32f4xx_it.o
 .debug_aranges
                0x0000000000001678       0x28 Src/system_stm32f4xx.o